/home/frank/STM32CubeIDE/workspace_1.16.0/FatFs_USBDisk/Src/usbh_diskio.c:64:9:USBH_initialize	0	static
/home/frank/STM32CubeIDE/workspace_1.16.0/FatFs_USBDisk/Src/usbh_diskio.c:76:9:USBH_status	8	static
/home/frank/STM32CubeIDE/workspace_1.16.0/FatFs_USBDisk/Src/usbh_diskio.c:185:9:USBH_ioctl	64	static
/home/frank/STM32CubeIDE/workspace_1.16.0/FatFs_USBDisk/Src/usbh_diskio.c:100:9:USBH_read	72	static
/home/frank/STM32CubeIDE/workspace_1.16.0/FatFs_USBDisk/Src/usbh_diskio.c:140:9:USBH_write	72	static
