Archive member included to satisfy reference by file (symbol)

/opt/st/stm32cubeide_1.16.0/plugins/com.st.stm32cube.ide.mcu.externaltools.gnu-tools-for-stm32.12.3.rel1.linux64_1.0.200.202406132123/tools/bin/../lib/gcc/arm-none-eabi/12.3.1/../../../../arm-none-eabi/lib/thumb/v7e-m+dp/hard/libc_nano.a(libc_a-exit.o)
                              /opt/st/stm32cubeide_1.16.0/plugins/com.st.stm32cube.ide.mcu.externaltools.gnu-tools-for-stm32.12.3.rel1.linux64_1.0.200.202406132123/tools/bin/../lib/gcc/arm-none-eabi/12.3.1/../../../../arm-none-eabi/lib/thumb/v7e-m+dp/hard/crt0.o (exit)
/opt/st/stm32cubeide_1.16.0/plugins/com.st.stm32cube.ide.mcu.externaltools.gnu-tools-for-stm32.12.3.rel1.linux64_1.0.200.202406132123/tools/bin/../lib/gcc/arm-none-eabi/12.3.1/../../../../arm-none-eabi/lib/thumb/v7e-m+dp/hard/libc_nano.a(libc_a-malloc.o)
                              ./Middlewares/FatFs/Option/syscall.o (malloc)
/opt/st/stm32cubeide_1.16.0/plugins/com.st.stm32cube.ide.mcu.externaltools.gnu-tools-for-stm32.12.3.rel1.linux64_1.0.200.202406132123/tools/bin/../lib/gcc/arm-none-eabi/12.3.1/../../../../arm-none-eabi/lib/thumb/v7e-m+dp/hard/libc_nano.a(libc_a-mallocr.o)
                              /opt/st/stm32cubeide_1.16.0/plugins/com.st.stm32cube.ide.mcu.externaltools.gnu-tools-for-stm32.12.3.rel1.linux64_1.0.200.202406132123/tools/bin/../lib/gcc/arm-none-eabi/12.3.1/../../../../arm-none-eabi/lib/thumb/v7e-m+dp/hard/libc_nano.a(libc_a-malloc.o) (_malloc_r)
/opt/st/stm32cubeide_1.16.0/plugins/com.st.stm32cube.ide.mcu.externaltools.gnu-tools-for-stm32.12.3.rel1.linux64_1.0.200.202406132123/tools/bin/../lib/gcc/arm-none-eabi/12.3.1/../../../../arm-none-eabi/lib/thumb/v7e-m+dp/hard/libc_nano.a(libc_a-mlock.o)
                              /opt/st/stm32cubeide_1.16.0/plugins/com.st.stm32cube.ide.mcu.externaltools.gnu-tools-for-stm32.12.3.rel1.linux64_1.0.200.202406132123/tools/bin/../lib/gcc/arm-none-eabi/12.3.1/../../../../arm-none-eabi/lib/thumb/v7e-m+dp/hard/libc_nano.a(libc_a-mallocr.o) (__malloc_lock)
/opt/st/stm32cubeide_1.16.0/plugins/com.st.stm32cube.ide.mcu.externaltools.gnu-tools-for-stm32.12.3.rel1.linux64_1.0.200.202406132123/tools/bin/../lib/gcc/arm-none-eabi/12.3.1/../../../../arm-none-eabi/lib/thumb/v7e-m+dp/hard/libc_nano.a(libc_a-findfp.o)
                              /opt/st/stm32cubeide_1.16.0/plugins/com.st.stm32cube.ide.mcu.externaltools.gnu-tools-for-stm32.12.3.rel1.linux64_1.0.200.202406132123/tools/bin/../lib/gcc/arm-none-eabi/12.3.1/../../../../arm-none-eabi/lib/thumb/v7e-m+dp/hard/libc_nano.a(libc_a-exit.o) (__stdio_exit_handler)
/opt/st/stm32cubeide_1.16.0/plugins/com.st.stm32cube.ide.mcu.externaltools.gnu-tools-for-stm32.12.3.rel1.linux64_1.0.200.202406132123/tools/bin/../lib/gcc/arm-none-eabi/12.3.1/../../../../arm-none-eabi/lib/thumb/v7e-m+dp/hard/libc_nano.a(libc_a-fwalk.o)
                              /opt/st/stm32cubeide_1.16.0/plugins/com.st.stm32cube.ide.mcu.externaltools.gnu-tools-for-stm32.12.3.rel1.linux64_1.0.200.202406132123/tools/bin/../lib/gcc/arm-none-eabi/12.3.1/../../../../arm-none-eabi/lib/thumb/v7e-m+dp/hard/libc_nano.a(libc_a-findfp.o) (_fwalk_sglue)
/opt/st/stm32cubeide_1.16.0/plugins/com.st.stm32cube.ide.mcu.externaltools.gnu-tools-for-stm32.12.3.rel1.linux64_1.0.200.202406132123/tools/bin/../lib/gcc/arm-none-eabi/12.3.1/../../../../arm-none-eabi/lib/thumb/v7e-m+dp/hard/libc_nano.a(libc_a-sprintf.o)
                              ./Application/User/Logging.o (sprintf)
/opt/st/stm32cubeide_1.16.0/plugins/com.st.stm32cube.ide.mcu.externaltools.gnu-tools-for-stm32.12.3.rel1.linux64_1.0.200.202406132123/tools/bin/../lib/gcc/arm-none-eabi/12.3.1/../../../../arm-none-eabi/lib/thumb/v7e-m+dp/hard/libc_nano.a(libc_a-stdio.o)
                              /opt/st/stm32cubeide_1.16.0/plugins/com.st.stm32cube.ide.mcu.externaltools.gnu-tools-for-stm32.12.3.rel1.linux64_1.0.200.202406132123/tools/bin/../lib/gcc/arm-none-eabi/12.3.1/../../../../arm-none-eabi/lib/thumb/v7e-m+dp/hard/libc_nano.a(libc_a-findfp.o) (__sread)
/opt/st/stm32cubeide_1.16.0/plugins/com.st.stm32cube.ide.mcu.externaltools.gnu-tools-for-stm32.12.3.rel1.linux64_1.0.200.202406132123/tools/bin/../lib/gcc/arm-none-eabi/12.3.1/../../../../arm-none-eabi/lib/thumb/v7e-m+dp/hard/libc_nano.a(libc_a-memset.o)
                              /opt/st/stm32cubeide_1.16.0/plugins/com.st.stm32cube.ide.mcu.externaltools.gnu-tools-for-stm32.12.3.rel1.linux64_1.0.200.202406132123/tools/bin/../lib/gcc/arm-none-eabi/12.3.1/../../../../arm-none-eabi/lib/thumb/v7e-m+dp/hard/crt0.o (memset)
/opt/st/stm32cubeide_1.16.0/plugins/com.st.stm32cube.ide.mcu.externaltools.gnu-tools-for-stm32.12.3.rel1.linux64_1.0.200.202406132123/tools/bin/../lib/gcc/arm-none-eabi/12.3.1/../../../../arm-none-eabi/lib/thumb/v7e-m+dp/hard/libc_nano.a(libc_a-closer.o)
[...]
Memory Configuration

Name             Origin             Length             Attributes
RAM              0x20000000         0x00080000         xrw
FLASH            0x08000000         0x00200000         xr
*default*        0x00000000         0xffffffff

Linker script and memory map

LOAD /opt/st/stm32cubeide_1.16.0/plugins/com.st.stm32cube.ide.mcu.externaltools.gnu-tools-for-stm32.12.3.rel1.linux64_1.0.200.202406132123/tools/bin/../lib/gcc/arm-none-eabi/12.3.1/thumb/v7e-m+dp/hard/crti.o
LOAD /opt/st/stm32cubeide_1.16.0/plugins/com.st.stm32cube.ide.mcu.externaltools.gnu-tools-for-stm32.12.3.rel1.linux64_1.0.200.202406132123/tools/bin/../lib/gcc/arm-none-eabi/12.3.1/thumb/v7e-m+dp/hard/crtbegin.o
LOAD /opt/st/stm32cubeide_1.16.0/plugins/com.st.stm32cube.ide.mcu.externaltools.gnu-tools-for-stm32.12.3.rel1.linux64_1.0.200.202406132123/tools/bin/../lib/gcc/arm-none-eabi/12.3.1/../../../../arm-none-eabi/lib/thumb/v7e-m+dp/hard/crt0.o
LOAD ./Application/SW4STM32/startup_stm32f767xx.o
LOAD ./Application/SW4STM32/syscalls.o
LOAD ./Application/User/Logging.o
LOAD ./Application/User/TaskConsole.o
LOAD ./Application/User/main.o
LOAD ./Application/User/stm32f7xx_hal_msp.o
LOAD ./Application/User/stm32f7xx_it.o
LOAD ./Application/User/usbh_conf.o
LOAD ./Drivers/BSP/STM32F769ZI_Nucleo/stm32f7xx_nucleo_144.o
LOAD ./Drivers/CMSIS/system_stm32f7xx.o
LOAD ./Drivers/STM32F7xx_HAL_Driver/stm32f7xx_hal.o
LOAD ./Drivers/STM32F7xx_HAL_Driver/stm32f7xx_hal_cortex.o
LOAD ./Drivers/STM32F7xx_HAL_Driver/stm32f7xx_hal_dma.o
LOAD ./Drivers/STM32F7xx_HAL_Driver/stm32f7xx_hal_dma_ex.o
LOAD ./Drivers/STM32F7xx_HAL_Driver/stm32f7xx_hal_gpio.o
LOAD ./Drivers/STM32F7xx_HAL_Driver/stm32f7xx_hal_hcd.o
LOAD ./Drivers/STM32F7xx_HAL_Driver/stm32f7xx_hal_i2c.o
LOAD ./Drivers/STM32F7xx_HAL_Driver/stm32f7xx_hal_i2c_ex.o
LOAD ./Drivers/STM32F7xx_HAL_Driver/stm32f7xx_hal_pwr.o
LOAD ./Drivers/STM32F7xx_HAL_Driver/stm32f7xx_hal_pwr_ex.o
LOAD ./Drivers/STM32F7xx_HAL_Driver/stm32f7xx_hal_rcc.o
LOAD ./Drivers/STM32F7xx_HAL_Driver/stm32f7xx_hal_rcc_ex.o
LOAD ./Drivers/STM32F7xx_HAL_Driver/stm32f7xx_hal_sdram.o
LOAD ./Drivers/STM32F7xx_HAL_Driver/stm32f7xx_hal_spi.o
LOAD ./Drivers/STM32F7xx_HAL_Driver/stm32f7xx_hal_uart.o
LOAD ./Drivers/STM32F7xx_HAL_Driver/stm32f7xx_ll_fmc.o
LOAD ./Drivers/STM32F7xx_HAL_Driver/stm32f7xx_ll_sdmmc.o
LOAD ./Drivers/STM32F7xx_HAL_Driver/stm32f7xx_ll_usb.o
LOAD ./Middlewares/FatFs/Core/diskio.o
LOAD ./Middlewares/FatFs/Core/ff.o
LOAD ./Middlewares/FatFs/Core/ff_gen_drv.o
LOAD ./Middlewares/FatFs/Drivers/usbh_diskio.o
LOAD ./Middlewares/FatFs/Option/syscall.o
LOAD ./Middlewares/FatFs/Option/unicode.o
LOAD ./Middlewares/STM32_USBH_Library/Class/MSC/usbh_msc.o
LOAD ./Middlewares/STM32_USBH_Library/Class/MSC/usbh_msc_bot.o
LOAD ./Middlewares/STM32_USBH_Library/Class/MSC/usbh_msc_scsi.o
LOAD ./Middlewares/STM32_USBH_Library/Core/usbh_core.o
LOAD ./Middlewares/STM32_USBH_Library/Core/usbh_ctlreq.o
LOAD ./Middlewares/STM32_USBH_Library/Core/usbh_ioreq.o
LOAD ./Middlewares/STM32_USBH_Library/Core/usbh_pipes.o
START GROUP
LOAD /opt/st/stm32cubeide_1.16.0/plugins/com.st.stm32cube.ide.mcu.externaltools.gnu-tools-for-stm32.12.3.rel1.linux64_1.0.200.202406132123/tools/bin/../lib/gcc/arm-none-eabi/12.3.1/../../../../arm-none-eabi/lib/thumb/v7e-m+dp/hard/libc_nano.a
LOAD /opt/st/stm32cubeide_1.16.0/plugins/com.st.stm32cube.ide.mcu.externaltools.gnu-tools-for-stm32.12.3.rel1.linux64_1.0.200.202406132123/tools/bin/../lib/gcc/arm-none-eabi/12.3.1/../../../../arm-none-eabi/lib/thumb/v7e-m+dp/hard/libm.a
END GROUP
START GROUP
LOAD /opt/st/stm32cubeide_1.16.0/plugins/com.st.stm32cube.ide.mcu.externaltools.gnu-tools-for-stm32.12.3.rel1.linux64_1.0.200.202406132123/tools/bin/../lib/gcc/arm-none-eabi/12.3.1/thumb/v7e-m+dp/hard/libgcc.a
LOAD /opt/st/stm32cubeide_1.16.0/plugins/com.st.stm32cube.ide.mcu.externaltools.gnu-tools-for-stm32.12.3.rel1.linux64_1.0.200.202406132123/tools/bin/../lib/gcc/arm-none-eabi/12.3.1/../../../../arm-none-eabi/lib/thumb/v7e-m+dp/hard/libc_nano.a
END GROUP
START GROUP
LOAD /opt/st/stm32cubeide_1.16.0/plugins/com.st.stm32cube.ide.mcu.externaltools.gnu-tools-for-stm32.12.3.rel1.linux64_1.0.200.202406132123/tools/bin/../lib/gcc/arm-none-eabi/12.3.1/thumb/v7e-m+dp/hard/libgcc.a
LOAD /opt/st/stm32cubeide_1.16.0/plugins/com.st.stm32cube.ide.mcu.externaltools.gnu-tools-for-stm32.12.3.rel1.linux64_1.0.200.202406132123/tools/bin/../lib/gcc/arm-none-eabi/12.3.1/../../../../arm-none-eabi/lib/thumb/v7e-m+dp/hard/libc_nano.a
LOAD /opt/st/stm32cubeide_1.16.0/plugins/com.st.stm32cube.ide.mcu.externaltools.gnu-tools-for-stm32.12.3.rel1.linux64_1.0.200.202406132123/tools/bin/../lib/gcc/arm-none-eabi/12.3.1/../../../../arm-none-eabi/lib/thumb/v7e-m+dp/hard/libnosys.a
END GROUP
START GROUP
LOAD /opt/st/stm32cubeide_1.16.0/plugins/com.st.stm32cube.ide.mcu.externaltools.gnu-tools-for-stm32.12.3.rel1.linux64_1.0.200.202406132123/tools/bin/../lib/gcc/arm-none-eabi/12.3.1/thumb/v7e-m+dp/hard/libgcc.a
LOAD /opt/st/stm32cubeide_1.16.0/plugins/com.st.stm32cube.ide.mcu.externaltools.gnu-tools-for-stm32.12.3.rel1.linux64_1.0.200.202406132123/tools/bin/../lib/gcc/arm-none-eabi/12.3.1/../../../../arm-none-eabi/lib/thumb/v7e-m+dp/hard/libc_nano.a
LOAD /opt/st/stm32cubeide_1.16.0/plugins/com.st.stm32cube.ide.mcu.externaltools.gnu-tools-for-stm32.12.3.rel1.linux64_1.0.200.202406132123/tools/bin/../lib/gcc/arm-none-eabi/12.3.1/../../../../arm-none-eabi/lib/thumb/v7e-m+dp/hard/libnosys.a
END GROUP
LOAD /opt/st/stm32cubeide_1.16.0/plugins/com.st.stm32cube.ide.mcu.externaltools.gnu-tools-for-stm32.12.3.rel1.linux64_1.0.200.202406132123/tools/bin/../lib/gcc/arm-none-eabi/12.3.1/thumb/v7e-m+dp/hard/crtend.o
LOAD /opt/st/stm32cubeide_1.16.0/plugins/com.st.stm32cube.ide.mcu.externaltools.gnu-tools-for-stm32.12.3.rel1.linux64_1.0.200.202406132123/tools/bin/../lib/gcc/arm-none-eabi/12.3.1/thumb/v7e-m+dp/hard/crtn.o
                0x20080000                        _estack = 0x20080000
                0x00000400                        _Min_Heap_Size = 0x400
                0x00001000                        _Min_Stack_Size = 0x1000

.isr_vector     0x08000000      0x1f8
                0x08000000                        . = ALIGN (0x4)
 *(.isr_vector)
 .isr_vector    0x08000000      0x1f8 ./Application/SW4STM32/startup_stm32f767xx.o
                0x08000000                g_pfnVectors
                0x080001f8                        . = ALIGN (0x4)

.text           0x08000200     0x720c
                0x08000200                        . = ALIGN (0x4)
 *(.text)
 .text          0x08000200       0x40 /opt/st/stm32cubeide_1.16.0/plugins/com.st.stm32cube.ide.mcu.externaltools.gnu-tools-for-stm32.12.3.rel1.linux64_1.0.200.202406132123/tools/bin/../lib/gcc/arm-none-eabi/12.3.1/thumb/v7e-m+dp/hard/crtbegin.o
 .text          0x08000240       0x10 /opt/st/stm32cubeide_1.16.0/plugins/com.st.stm32cube.ide.mcu.externaltools.gnu-tools-for-stm32.12.3.rel1.linux64_1.0.200.202406132123/tools/bin/../lib/gcc/arm-none-eabi/12.3.1/../../../../arm-none-eabi/lib/thumb/v7e-m+dp/hard/libc_nano.a(libc_a-strlen.o)
                0x08000240                strlen
 .text          0x08000250       0xa0 /opt/st/stm32cubeide_1.16.0/plugins/com.st.stm32cube.ide.mcu.externaltools.gnu-tools-for-stm32.12.3.rel1.linux64_1.0.200.202406132123/tools/bin/../lib/gcc/arm-none-eabi/12.3.1/../../../../arm-none-eabi/lib/thumb/v7e-m+dp/hard/libc_nano.a(libc_a-memchr.o)
                0x08000250                memchr
 .text          0x080002f0       0x30 /opt/st/stm32cubeide_1.16.0/plugins/com.st.stm32cube.ide.mcu.externaltools.gnu-tools-for-stm32.12.3.rel1.linux64_1.0.200.202406132123/tools/bin/../lib/gcc/arm-none-eabi/12.3.1/thumb/v7e-m+dp/hard/libgcc.a(_aeabi_uldivmod.o)
                0x080002f0                __aeabi_uldivmod
 .text          0x08000320      0x2bc /opt/st/stm32cubeide_1.16.0/plugins/com.st.stm32cube.ide.mcu.externaltools.gnu-tools-for-stm32.12.3.rel1.linux64_1.0.200.202406132123/tools/bin/../lib/gcc/arm-none-eabi/12.3.1/thumb/v7e-m+dp/hard/libgcc.a(_udivmoddi4.o)
                0x08000320                __udivmoddi4
 .text          0x080005dc        0x4 /opt/st/stm32cubeide_1.16.0/plugins/com.st.stm32cube.ide.mcu.externaltools.gnu-tools-for-stm32.12.3.rel1.linux64_1.0.200.202406132123/tools/bin/../lib/gcc/arm-none-eabi/12.3.1/thumb/v7e-m+dp/hard/libgcc.a(_dvmd_tls.o)
                0x080005dc                __aeabi_ldiv0
                0x080005dc                __aeabi_idiv0
 *(.text*)
 .text.Reset_Handler
                0x080005e0       0x50 ./Application/SW4STM32/startup_stm32f767xx.o
                0x080005e0                Reset_Handler
 .text.Default_Handler
                0x08000630        0x2 ./Application/SW4STM32/startup_stm32f767xx.o
                0x08000630                RTC_Alarm_IRQHandler
                0x08000630                EXTI2_IRQHandler
                0x08000630                TIM8_CC_IRQHandler
                0x08000630                UART8_IRQHandler
                0x08000630                SPI4_IRQHandler
                0x08000630                TIM1_CC_IRQHandler
                0x08000630                DMA2_Stream5_IRQHandler
                0x08000630                JPEG_IRQHandler
                0x08000630                DMA1_Stream5_IRQHandler
                0x08000630                CAN3_RX1_IRQHandler
                0x08000630                PVD_IRQHandler
                0x08000630                TAMP_STAMP_IRQHandler
                0x08000630                CAN2_RX1_IRQHandler
                0x08000630                EXTI3_IRQHandler
                0x08000630                TIM8_TRG_COM_TIM14_IRQHandler
                0x08000630                DFSDM1_FLT1_IRQHandler
                0x08000630                TIM1_UP_TIM10_IRQHandler
                0x08000630                TIM8_UP_TIM13_IRQHandler
                0x08000630                I2C3_ER_IRQHandler
                0x08000630                DFSDM1_FLT2_IRQHandler
                0x08000630                EXTI0_IRQHandler
                0x08000630                I2C2_EV_IRQHandler
                0x08000630                DMA1_Stream2_IRQHandler
                0x08000630                CAN1_RX0_IRQHandler
                0x08000630                FPU_IRQHandler
                0x08000630                OTG_HS_WKUP_IRQHandler
                0x08000630                CAN3_SCE_IRQHandler
                0x08000630                LTDC_ER_IRQHandler
                0x08000630                CAN2_SCE_IRQHandler
                0x08000630                DMA2_Stream2_IRQHandler
                0x08000630                SPI1_IRQHandler
                0x08000630                TIM6_DAC_IRQHandler
                0x08000630                TIM1_BRK_TIM9_IRQHandler
                0x08000630                DCMI_IRQHandler
                0x08000630                CAN2_RX0_IRQHandler
                0x08000630                DMA2_Stream3_IRQHandler
                0x08000630                SAI2_IRQHandler
                0x08000630                DFSDM1_FLT3_IRQHandler
                0x08000630                USART6_IRQHandler
                0x08000630                CAN3_RX0_IRQHandler
                0x08000630                USART3_IRQHandler
                0x08000630                CAN1_RX1_IRQHandler
                0x08000630                UART5_IRQHandler
                0x08000630                DMA2_Stream0_IRQHandler
                0x08000630                TIM4_IRQHandler
                0x08000630                QUADSPI_IRQHandler
                0x08000630                I2C1_EV_IRQHandler
                0x08000630                DMA1_Stream6_IRQHandler
                0x08000630                DMA1_Stream1_IRQHandler
                0x08000630                UART4_IRQHandler
                0x08000630                TIM3_IRQHandler
                0x08000630                RCC_IRQHandler
                0x08000630                TIM8_BRK_TIM12_IRQHandler
                0x08000630                Default_Handler
                0x08000630                CEC_IRQHandler
                0x08000630                EXTI15_10_IRQHandler
                0x08000630                ADC_IRQHandler
                0x08000630                DMA1_Stream7_IRQHandler
                0x08000630                SPI5_IRQHandler
                0x08000630                TIM7_IRQHandler
                0x08000630                SDMMC1_IRQHandler
                0x08000630                CAN2_TX_IRQHandler
                0x08000630                TIM5_IRQHandler
                0x08000630                DMA2_Stream7_IRQHandler
                0x08000630                I2C3_EV_IRQHandler
                0x08000630                EXTI9_5_IRQHandler
                0x08000630                RTC_WKUP_IRQHandler
                0x08000630                LTDC_IRQHandler
                0x08000630                ETH_WKUP_IRQHandler
                0x08000630                SPDIF_RX_IRQHandler
                0x08000630                SPI2_IRQHandler
                0x08000630                OTG_HS_EP1_IN_IRQHandler
                0x08000630                DMA1_Stream0_IRQHandler
                0x08000630                CAN1_TX_IRQHandler
                0x08000630                EXTI4_IRQHandler
                0x08000630                RNG_IRQHandler
                0x08000630                ETH_IRQHandler
                0x08000630                OTG_HS_EP1_OUT_IRQHandler
                0x08000630                WWDG_IRQHandler
                0x08000630                SPI6_IRQHandler
                0x08000630                MDIOS_IRQHandler
                0x08000630                I2C4_EV_IRQHandler
                0x08000630                CAN3_TX_IRQHandler
                0x08000630                TIM2_IRQHandler
                0x08000630                OTG_FS_WKUP_IRQHandler
                0x08000630                TIM1_TRG_COM_TIM11_IRQHandler
                0x08000630                OTG_HS_IRQHandler
                0x08000630                DMA2D_IRQHandler
                0x08000630                EXTI1_IRQHandler
                0x08000630                SDMMC2_IRQHandler
                0x08000630                UART7_IRQHandler
                0x08000630                USART2_IRQHandler
                0x08000630                DFSDM1_FLT0_IRQHandler
                0x08000630                I2C2_ER_IRQHandler
                0x08000630                DMA2_Stream1_IRQHandler
                0x08000630                CAN1_SCE_IRQHandler
                0x08000630                FLASH_IRQHandler
                0x08000630                DMA2_Stream4_IRQHandler
                0x08000630                USART1_IRQHandler
                0x08000630                SPI3_IRQHandler
                0x08000630                DMA1_Stream4_IRQHandler
                0x08000630                I2C1_ER_IRQHandler
                0x08000630                FMC_IRQHandler
                0x08000630                LPTIM1_IRQHandler
                0x08000630                I2C4_ER_IRQHandler
                0x08000630                DMA2_Stream6_IRQHandler
                0x08000630                SAI1_IRQHandler
                0x08000630                DMA1_Stream3_IRQHandler
 *fill*         0x08000632        0x2 
 .text._sbrk    0x08000634       0x34 ./Application/SW4STM32/syscalls.o
                0x08000634                _sbrk
 .text.Log      0x08000668       0x18 ./Application/User/Logging.o
                0x08000668                Log
 .text.LogClientID2String
                0x08000680       0x18 ./Application/User/Logging.o
                0x08000680                LogClientID2String
 .text.LogMakePrefix
                0x08000698       0x78 ./Application/User/Logging.o
                0x08000698                LogMakePrefix
 .text.AddLogCore
                0x08000710       0x5c ./Application/User/TaskConsole.o
 .text.TaskConsole_Run
                0x0800076c       0x50 ./Application/User/TaskConsole.o
                0x0800076c                TaskConsole_Run
 .text.TaskConsole_AddLog
                0x080007bc       0x34 ./Application/User/TaskConsole.o
                0x080007bc                TaskConsole_AddLog
 .text.USBH_UserProcess
                0x080007f0       0x3c ./Application/User/main.o
 .text.Error_Handler
                0x0800082c        0xa ./Application/User/main.o
                0x0800082c                Error_Handler
 *fill*         0x08000836        0x2 
 .text.startup.main
                0x08000838      0x2b8 ./Application/User/main.o
                0x08000838                main
 .text.HAL_UART_MspInit
                0x08000af0       0xb4 ./Application/User/stm32f7xx_hal_msp.o
                0x08000af0                HAL_UART_MspInit
 .text.NMI_Handler
                0x08000ba4        0x2 ./Application/User/stm32f7xx_it.o
                0x08000ba4                NMI_Handler
 .text.HardFault_Handler
                0x08000ba6        0x2 ./Application/User/stm32f7xx_it.o
                0x08000ba6                HardFault_Handler
 .text.MemManage_Handler
                0x08000ba8        0x2 ./Application/User/stm32f7xx_it.o
                0x08000ba8                MemManage_Handler
 .text.BusFault_Handler
                0x08000baa        0x2 ./Application/User/stm32f7xx_it.o
                0x08000baa                BusFault_Handler
 .text.UsageFault_Handler
                0x08000bac        0x2 ./Application/User/stm32f7xx_it.o
                0x08000bac                UsageFault_Handler
 .text.SVC_Handler
                0x08000bae        0x2 ./Application/User/stm32f7xx_it.o
                0x08000bae                SVC_Handler
 .text.DebugMon_Handler
                0x08000bb0        0x2 ./Application/User/stm32f7xx_it.o
                0x08000bb0                DebugMon_Handler
 .text.PendSV_Handler
                0x08000bb2        0x2 ./Application/User/stm32f7xx_it.o
                0x08000bb2                PendSV_Handler
 .text.SysTick_Handler
                0x08000bb4        0x4 ./Application/User/stm32f7xx_it.o
                0x08000bb4                SysTick_Handler
 .text.OTG_FS_IRQHandler
                0x08000bb8        0xc ./Application/User/stm32f7xx_it.o
                0x08000bb8                OTG_FS_IRQHandler
 .text.HAL_HCD_MspInit
                0x08000bc4       0xc0 ./Application/User/usbh_conf.o
                0x08000bc4                HAL_HCD_MspInit
 .text.HAL_HCD_SOF_Callback
                0x08000c84        0x8 ./Application/User/usbh_conf.o
                0x08000c84                HAL_HCD_SOF_Callback
 .text.HAL_HCD_Connect_Callback
                0x08000c8c        0x8 ./Application/User/usbh_conf.o
                0x08000c8c                HAL_HCD_Connect_Callback
 .text.HAL_HCD_Disconnect_Callback
                0x08000c94        0x8 ./Application/User/usbh_conf.o
                0x08000c94                HAL_HCD_Disconnect_Callback
 .text.HAL_HCD_PortEnabled_Callback
                0x08000c9c        0x8 ./Application/User/usbh_conf.o
                0x08000c9c                HAL_HCD_PortEnabled_Callback
 .text.HAL_HCD_PortDisabled_Callback
                0x08000ca4        0x8 ./Application/User/usbh_conf.o
                0x08000ca4                HAL_HCD_PortDisabled_Callback
 .text.HAL_HCD_HC_NotifyURBChange_Callback
                0x08000cac        0x2 ./Application/User/usbh_conf.o
                0x08000cac                HAL_HCD_HC_NotifyURBChange_Callback
 *fill*         0x08000cae        0x2 
 .text.USBH_LL_Init
                0x08000cb0       0x48 ./Application/User/usbh_conf.o
                0x08000cb0                USBH_LL_Init
 .text.USBH_LL_Start
                0x08000cf8        0xe ./Application/User/usbh_conf.o
                0x08000cf8                USBH_LL_Start
 .text.USBH_LL_Stop
                0x08000d06        0xe ./Application/User/usbh_conf.o
                0x08000d06                USBH_LL_Stop
 .text.USBH_LL_GetSpeed
                0x08000d14       0x16 ./Application/User/usbh_conf.o
                0x08000d14                USBH_LL_GetSpeed
 .text.USBH_LL_ResetPort
                0x08000d2a        0xe ./Application/User/usbh_conf.o
                0x08000d2a                USBH_LL_ResetPort
 .text.USBH_LL_GetLastXferSize
                0x08000d38        0x8 ./Application/User/usbh_conf.o
                0x08000d38                USBH_LL_GetLastXferSize
 .text.USBH_LL_OpenPipe
                0x08000d40       0x22 ./Application/User/usbh_conf.o
                0x08000d40                USBH_LL_OpenPipe
 .text.USBH_LL_ClosePipe
                0x08000d62        0xe ./Application/User/usbh_conf.o
                0x08000d62                USBH_LL_ClosePipe
 .text.USBH_LL_SubmitURB
                0x08000d70       0x26 ./Application/User/usbh_conf.o
                0x08000d70                USBH_LL_SubmitURB
 .text.USBH_LL_GetURBState
                0x08000d96        0x8 ./Application/User/usbh_conf.o
                0x08000d96                USBH_LL_GetURBState
 *fill*         0x08000d9e        0x2 
 .text.USBH_LL_DriverVBUS
                0x08000da0       0x20 ./Application/User/usbh_conf.o
                0x08000da0                USBH_LL_DriverVBUS
 .text.USBH_LL_SetToggle
                0x08000dc0       0x20 ./Application/User/usbh_conf.o
                0x08000dc0                USBH_LL_SetToggle
 .text.USBH_LL_GetToggle
                0x08000de0       0x1c ./Application/User/usbh_conf.o
                0x08000de0                USBH_LL_GetToggle
 .text.USBH_Delay
                0x08000dfc        0x4 ./Application/User/usbh_conf.o
                0x08000dfc                USBH_Delay
 .text.BSP_LED_Init
                0x08000e00       0x60 ./Drivers/BSP/STM32F769ZI_Nucleo/stm32f7xx_nucleo_144.o
                0x08000e00                BSP_LED_Init
 .text.BSP_LED_On
                0x08000e60       0x1c ./Drivers/BSP/STM32F769ZI_Nucleo/stm32f7xx_nucleo_144.o
                0x08000e60                BSP_LED_On
 .text.BSP_LED_Off
                0x08000e7c       0x1c ./Drivers/BSP/STM32F769ZI_Nucleo/stm32f7xx_nucleo_144.o
                0x08000e7c                BSP_LED_Off
 .text.SystemInit
                0x08000e98       0x4c ./Drivers/CMSIS/system_stm32f7xx.o
                0x08000e98                SystemInit
 .text.HAL_MspInit
                0x08000ee4        0x2 ./Drivers/STM32F7xx_HAL_Driver/stm32f7xx_hal.o
                0x08000ee4                HAL_MspInit
 *fill*         0x08000ee6        0x2 
 .text.HAL_InitTick
                0x08000ee8       0x44 ./Drivers/STM32F7xx_HAL_Driver/stm32f7xx_hal.o
                0x08000ee8                HAL_InitTick
 .text.HAL_Init
                0x08000f2c       0x2c ./Drivers/STM32F7xx_HAL_Driver/stm32f7xx_hal.o
                0x08000f2c                HAL_Init
 .text.HAL_IncTick
                0x08000f58       0x18 ./Drivers/STM32F7xx_HAL_Driver/stm32f7xx_hal.o
                0x08000f58                HAL_IncTick
 .text.HAL_GetTick
                0x08000f70        0xc ./Drivers/STM32F7xx_HAL_Driver/stm32f7xx_hal.o
                0x08000f70                HAL_GetTick
 .text.HAL_Delay
                0x08000f7c       0x24 ./Drivers/STM32F7xx_HAL_Driver/stm32f7xx_hal.o
                0x08000f7c                HAL_Delay
 .text.HAL_NVIC_SetPriorityGrouping
                0x08000fa0       0x24 ./Drivers/STM32F7xx_HAL_Driver/stm32f7xx_hal_cortex.o
                0x08000fa0                HAL_NVIC_SetPriorityGrouping
 .text.HAL_NVIC_SetPriority
                0x08000fc4       0x64 ./Drivers/STM32F7xx_HAL_Driver/stm32f7xx_hal_cortex.o
                0x08000fc4                HAL_NVIC_SetPriority
 .text.HAL_NVIC_EnableIRQ
                0x08001028       0x1c ./Drivers/STM32F7xx_HAL_Driver/stm32f7xx_hal_cortex.o
                0x08001028                HAL_NVIC_EnableIRQ
 .text.HAL_SYSTICK_Config
                0x08001044       0x28 ./Drivers/STM32F7xx_HAL_Driver/stm32f7xx_hal_cortex.o
                0x08001044                HAL_SYSTICK_Config
 .text.HAL_MPU_Disable
                0x0800106c       0x1c ./Drivers/STM32F7xx_HAL_Driver/stm32f7xx_hal_cortex.o
                0x0800106c                HAL_MPU_Disable
 .text.HAL_MPU_Enable
                0x08001088       0x20 ./Drivers/STM32F7xx_HAL_Driver/stm32f7xx_hal_cortex.o
                0x08001088                HAL_MPU_Enable
 .text.HAL_MPU_ConfigRegion
                0x080010a8       0x58 ./Drivers/STM32F7xx_HAL_Driver/stm32f7xx_hal_cortex.o
                0x080010a8                HAL_MPU_ConfigRegion
 .text.DMA_CalcBaseAndBitshift
                0x08001100       0x2c ./Drivers/STM32F7xx_HAL_Driver/stm32f7xx_hal_dma.o
 .text.HAL_DMA_Init
                0x0800112c       0xfc ./Drivers/STM32F7xx_HAL_Driver/stm32f7xx_hal_dma.o
                0x0800112c                HAL_DMA_Init
 .text.HAL_DMA_Start_IT
                0x08001228       0x7a ./Drivers/STM32F7xx_HAL_Driver/stm32f7xx_hal_dma.o
                0x08001228                HAL_DMA_Start_IT
 *fill*         0x080012a2        0x2 
 .text.HAL_GPIO_Init
                0x080012a4      0x1c8 ./Drivers/STM32F7xx_HAL_Driver/stm32f7xx_hal_gpio.o
                0x080012a4                HAL_GPIO_Init
 .text.HAL_GPIO_WritePin
                0x0800146c        0xa ./Drivers/STM32F7xx_HAL_Driver/stm32f7xx_hal_gpio.o
                0x0800146c                HAL_GPIO_WritePin
 .text.HAL_HCD_HC_Halt
                0x08001476       0x24 ./Drivers/STM32F7xx_HAL_Driver/stm32f7xx_hal_hcd.o
                0x08001476                HAL_HCD_HC_Halt
 .text.HAL_HCD_Init
                0x0800149a       0x7a ./Drivers/STM32F7xx_HAL_Driver/stm32f7xx_hal_hcd.o
                0x0800149a                HAL_HCD_Init
 .text.HAL_HCD_HC_SubmitRequest
                0x08001514       0xd0 ./Drivers/STM32F7xx_HAL_Driver/stm32f7xx_hal_hcd.o
                0x08001514                HAL_HCD_HC_SubmitRequest
 .text.HAL_HCD_IRQHandler
                0x080015e4      0x8ac ./Drivers/STM32F7xx_HAL_Driver/stm32f7xx_hal_hcd.o
                0x080015e4                HAL_HCD_IRQHandler
 .text.HAL_HCD_Start
                0x08001e90       0x2a ./Drivers/STM32F7xx_HAL_Driver/stm32f7xx_hal_hcd.o
                0x08001e90                HAL_HCD_Start
 .text.HAL_HCD_Stop
                0x08001eba       0x24 ./Drivers/STM32F7xx_HAL_Driver/stm32f7xx_hal_hcd.o
                0x08001eba                HAL_HCD_Stop
 .text.HAL_HCD_ResetPort
                0x08001ede        0x6 ./Drivers/STM32F7xx_HAL_Driver/stm32f7xx_hal_hcd.o
                0x08001ede                HAL_HCD_ResetPort
 .text.HAL_HCD_HC_GetURBState
                0x08001ee4        0xc ./Drivers/STM32F7xx_HAL_Driver/stm32f7xx_hal_hcd.o
                0x08001ee4                HAL_HCD_HC_GetURBState
 .text.HAL_HCD_HC_GetXferCount
                0x08001ef0        0xa ./Drivers/STM32F7xx_HAL_Driver/stm32f7xx_hal_hcd.o
                0x08001ef0                HAL_HCD_HC_GetXferCount
 .text.HAL_HCD_GetCurrentFrame
                0x08001efa        0x6 ./Drivers/STM32F7xx_HAL_Driver/stm32f7xx_hal_hcd.o
                0x08001efa                HAL_HCD_GetCurrentFrame
 .text.HAL_HCD_GetCurrentSpeed
                0x08001f00        0x6 ./Drivers/STM32F7xx_HAL_Driver/stm32f7xx_hal_hcd.o
                0x08001f00                HAL_HCD_GetCurrentSpeed
 .text.HAL_HCD_HC_ClearHubInfo
                0x08001f06        0xe ./Drivers/STM32F7xx_HAL_Driver/stm32f7xx_hal_hcd.o
                0x08001f06                HAL_HCD_HC_ClearHubInfo
 .text.HAL_HCD_HC_Init
                0x08001f14       0x96 ./Drivers/STM32F7xx_HAL_Driver/stm32f7xx_hal_hcd.o
                0x08001f14                HAL_HCD_HC_Init
 *fill*         0x08001faa        0x2 
 .text.HAL_PWREx_EnableOverDrive
                0x08001fac       0x70 ./Drivers/STM32F7xx_HAL_Driver/stm32f7xx_hal_pwr_ex.o
                0x08001fac                HAL_PWREx_EnableOverDrive
 .text.HAL_RCC_OscConfig
                0x0800201c      0x388 ./Drivers/STM32F7xx_HAL_Driver/stm32f7xx_hal_rcc.o
                0x0800201c                HAL_RCC_OscConfig
 .text.HAL_RCC_GetSysClockFreq
                0x080023a4       0x5c ./Drivers/STM32F7xx_HAL_Driver/stm32f7xx_hal_rcc.o
                0x080023a4                HAL_RCC_GetSysClockFreq
 .text.HAL_RCC_ClockConfig
                0x08002400      0x13c ./Drivers/STM32F7xx_HAL_Driver/stm32f7xx_hal_rcc.o
                0x08002400                HAL_RCC_ClockConfig
 .text.HAL_RCC_GetPCLK1Freq
                0x0800253c       0x20 ./Drivers/STM32F7xx_HAL_Driver/stm32f7xx_hal_rcc.o
                0x0800253c                HAL_RCC_GetPCLK1Freq
 .text.HAL_RCC_GetPCLK2Freq
                0x0800255c       0x20 ./Drivers/STM32F7xx_HAL_Driver/stm32f7xx_hal_rcc.o
                0x0800255c                HAL_RCC_GetPCLK2Freq
 .text.HAL_RCCEx_PeriphCLKConfig
                0x0800257c      0x55c ./Drivers/STM32F7xx_HAL_Driver/stm32f7xx_hal_rcc_ex.o
                0x0800257c                HAL_RCCEx_PeriphCLKConfig
 .text.UART_EndRxTransfer
                0x08002ad8       0x50 ./Drivers/STM32F7xx_HAL_Driver/stm32f7xx_hal_uart.o
 .text.HAL_UART_Transmit_DMA
                0x08002b28       0x80 ./Drivers/STM32F7xx_HAL_Driver/stm32f7xx_hal_uart.o
                0x08002b28                HAL_UART_Transmit_DMA
 .text.HAL_UART_TxCpltCallback
                0x08002ba8        0x2 ./Drivers/STM32F7xx_HAL_Driver/stm32f7xx_hal_uart.o
                0x08002ba8                HAL_UART_TxCpltCallback
 .text.UART_DMATransmitCplt
                0x08002baa       0x46 ./Drivers/STM32F7xx_HAL_Driver/stm32f7xx_hal_uart.o
 .text.HAL_UART_TxHalfCpltCallback
                0x08002bf0        0x2 ./Drivers/STM32F7xx_HAL_Driver/stm32f7xx_hal_uart.o
                0x08002bf0                HAL_UART_TxHalfCpltCallback
 .text.UART_DMATxHalfCplt
                0x08002bf2        0xa ./Drivers/STM32F7xx_HAL_Driver/stm32f7xx_hal_uart.o
 .text.HAL_UART_ErrorCallback
                0x08002bfc        0x2 ./Drivers/STM32F7xx_HAL_Driver/stm32f7xx_hal_uart.o
                0x08002bfc                HAL_UART_ErrorCallback
 .text.UART_DMAError
                0x08002bfe       0x56 ./Drivers/STM32F7xx_HAL_Driver/stm32f7xx_hal_uart.o
 .text.UART_SetConfig
                0x08002c54      0x238 ./Drivers/STM32F7xx_HAL_Driver/stm32f7xx_hal_uart.o
                0x08002c54                UART_SetConfig
 .text.UART_AdvFeatureConfig
                0x08002e8c       0xaa ./Drivers/STM32F7xx_HAL_Driver/stm32f7xx_hal_uart.o
                0x08002e8c                UART_AdvFeatureConfig
 .text.UART_WaitOnFlagUntilTimeout
                0x08002f36       0x90 ./Drivers/STM32F7xx_HAL_Driver/stm32f7xx_hal_uart.o
                0x08002f36                UART_WaitOnFlagUntilTimeout
 .text.HAL_UART_Receive
                0x08002fc6       0xd8 ./Drivers/STM32F7xx_HAL_Driver/stm32f7xx_hal_uart.o
                0x08002fc6                HAL_UART_Receive
 .text.UART_CheckIdleState
                0x0800309e       0xb2 ./Drivers/STM32F7xx_HAL_Driver/stm32f7xx_hal_uart.o
                0x0800309e                UART_CheckIdleState
 .text.HAL_UART_Init
                0x08003150       0x5c ./Drivers/STM32F7xx_HAL_Driver/stm32f7xx_hal_uart.o
                0x08003150                HAL_UART_Init
 .text.USB_CoreReset
                0x080031ac       0x46 ./Drivers/STM32F7xx_HAL_Driver/stm32f7xx_ll_usb.o
 .text.USB_CoreInit
                0x080031f2       0x7c ./Drivers/STM32F7xx_HAL_Driver/stm32f7xx_ll_usb.o
                0x080031f2                USB_CoreInit
 .text.USB_EnableGlobalInt
                0x0800326e        0xc ./Drivers/STM32F7xx_HAL_Driver/stm32f7xx_ll_usb.o
                0x0800326e                USB_EnableGlobalInt
 .text.USB_DisableGlobalInt
                0x0800327a        0xc ./Drivers/STM32F7xx_HAL_Driver/stm32f7xx_ll_usb.o
                0x0800327a                USB_DisableGlobalInt
 .text.USB_SetCurrentMode
                0x08003286       0x5c ./Drivers/STM32F7xx_HAL_Driver/stm32f7xx_ll_usb.o
                0x08003286                USB_SetCurrentMode
 .text.USB_FlushTxFifo
                0x080032e2       0x46 ./Drivers/STM32F7xx_HAL_Driver/stm32f7xx_ll_usb.o
                0x080032e2                USB_FlushTxFifo
 .text.USB_FlushRxFifo
                0x08003328       0x42 ./Drivers/STM32F7xx_HAL_Driver/stm32f7xx_ll_usb.o
                0x08003328                USB_FlushRxFifo
 .text.USB_WritePacket
                0x0800336a       0x26 ./Drivers/STM32F7xx_HAL_Driver/stm32f7xx_ll_usb.o
                0x0800336a                USB_WritePacket
 .text.USB_ReadPacket
                0x08003390       0x40 ./Drivers/STM32F7xx_HAL_Driver/stm32f7xx_ll_usb.o
                0x08003390                USB_ReadPacket
 .text.USB_ReadInterrupts
                0x080033d0        0x8 ./Drivers/STM32F7xx_HAL_Driver/stm32f7xx_ll_usb.o
                0x080033d0                USB_ReadInterrupts
 .text.USB_ReadChInterrupts
                0x080033d8       0x12 ./Drivers/STM32F7xx_HAL_Driver/stm32f7xx_ll_usb.o
                0x080033d8                USB_ReadChInterrupts
 .text.USB_GetMode
                0x080033ea        0x8 ./Drivers/STM32F7xx_HAL_Driver/stm32f7xx_ll_usb.o
                0x080033ea                USB_GetMode
 *fill*         0x080033f2        0x2 
 .text.USB_HostInit
                0x080033f4       0xd0 ./Drivers/STM32F7xx_HAL_Driver/stm32f7xx_ll_usb.o
                0x080033f4                USB_HostInit
 .text.USB_InitFSLSPClkSel
                0x080034c4       0x3e ./Drivers/STM32F7xx_HAL_Driver/stm32f7xx_ll_usb.o
                0x080034c4                USB_InitFSLSPClkSel
 .text.USB_ResetPort
                0x08003502       0x3c ./Drivers/STM32F7xx_HAL_Driver/stm32f7xx_ll_usb.o
                0x08003502                USB_ResetPort
 .text.USB_DriveVbus
                0x0800353e       0x40 ./Drivers/STM32F7xx_HAL_Driver/stm32f7xx_ll_usb.o
                0x0800353e                USB_DriveVbus
 .text.USB_GetHostSpeed
                0x0800357e       0x16 ./Drivers/STM32F7xx_HAL_Driver/stm32f7xx_ll_usb.o
                0x0800357e                USB_GetHostSpeed
 .text.USB_GetCurrentFrame
                0x08003594        0xa ./Drivers/STM32F7xx_HAL_Driver/stm32f7xx_ll_usb.o
                0x08003594                USB_GetCurrentFrame
 *fill*         0x0800359e        0x2 
 .text.USB_HC_Init
                0x080035a0      0x110 ./Drivers/STM32F7xx_HAL_Driver/stm32f7xx_ll_usb.o
                0x080035a0                USB_HC_Init
 .text.USB_HC_ReadInterrupt
                0x080036b0        0xa ./Drivers/STM32F7xx_HAL_Driver/stm32f7xx_ll_usb.o
                0x080036b0                USB_HC_ReadInterrupt
 .text.USB_HC_Halt
                0x080036ba       0xd0 ./Drivers/STM32F7xx_HAL_Driver/stm32f7xx_ll_usb.o
                0x080036ba                USB_HC_Halt
 *fill*         0x0800378a        0x2 
 .text.USB_DoPing
                0x0800378c       0x24 ./Drivers/STM32F7xx_HAL_Driver/stm32f7xx_ll_usb.o
                0x0800378c                USB_DoPing
 .text.USB_HC_StartXfer
                0x080037b0      0x268 ./Drivers/STM32F7xx_HAL_Driver/stm32f7xx_ll_usb.o
                0x080037b0                USB_HC_StartXfer
 .text.USB_StopHost
                0x08003a18       0x80 ./Drivers/STM32F7xx_HAL_Driver/stm32f7xx_ll_usb.o
                0x08003a18                USB_StopHost
 .text.disk_status
                0x08003a98       0x14 ./Middlewares/FatFs/Core/diskio.o
                0x08003a98                disk_status
 .text.disk_initialize
                0x08003aac       0x20 ./Middlewares/FatFs/Core/diskio.o
                0x08003aac                disk_initialize
 .text.disk_read
                0x08003acc       0x1c ./Middlewares/FatFs/Core/diskio.o
                0x08003acc                disk_read
 .text.disk_write
                0x08003ae8       0x1c ./Middlewares/FatFs/Core/diskio.o
                0x08003ae8                disk_write
 .text.disk_ioctl
                0x08003b04       0x1c ./Middlewares/FatFs/Core/diskio.o
                0x08003b04                disk_ioctl
 .text.get_fattime
                0x08003b20        0x4 ./Middlewares/FatFs/Core/diskio.o
                0x08003b20                get_fattime
 .text.ld_dword
                0x08003b24        0x4 ./Middlewares/FatFs/Core/ff.o
 .text.st_dword
                0x08003b28       0x10 ./Middlewares/FatFs/Core/ff.o
 .text.mem_set  0x08003b38        0xc ./Middlewares/FatFs/Core/ff.o
 .text.chk_lock
                0x08003b44       0x74 ./Middlewares/FatFs/Core/ff.o
 .text.inc_lock
                0x08003bb8       0x84 ./Middlewares/FatFs/Core/ff.o
 .text.dec_lock
                0x08003c3c       0x3c ./Middlewares/FatFs/Core/ff.o
 .text.clear_lock
                0x08003c78       0x1c ./Middlewares/FatFs/Core/ff.o
 .text.clust2sect
                0x08003c94       0x16 ./Middlewares/FatFs/Core/ff.o
 .text.clmt_clust
                0x08003caa       0x22 ./Middlewares/FatFs/Core/ff.o
 .text.sum_sfn  0x08003ccc       0x1e ./Middlewares/FatFs/Core/ff.o
 .text.get_ldnumber
                0x08003cea       0x3a ./Middlewares/FatFs/Core/ff.o
 .text.validate
                0x08003d24       0x34 ./Middlewares/FatFs/Core/ff.o
 .text.sync_window
                0x08003d58       0x4a ./Middlewares/FatFs/Core/ff.o
 .text.mem_cpy.part.0
                0x08003da2       0x12 ./Middlewares/FatFs/Core/ff.o
 .text.st_clust
                0x08003db4       0x18 ./Middlewares/FatFs/Core/ff.o
 .text.move_window
                0x08003dcc       0x32 ./Middlewares/FatFs/Core/ff.o
 *fill*         0x08003dfe        0x2 
 .text.check_fs
                0x08003e00       0x78 ./Middlewares/FatFs/Core/ff.o
 .text.find_volume
                0x08003e78      0x25c ./Middlewares/FatFs/Core/ff.o
 .text.put_fat  0x080040d4       0xf2 ./Middlewares/FatFs/Core/ff.o
 .text.sync_fs  0x080041c6       0x96 ./Middlewares/FatFs/Core/ff.o
 .text.ld_clust.isra.0
                0x0800425c       0x10 ./Middlewares/FatFs/Core/ff.o
 .text.get_fat.isra.0
                0x0800426c       0xac ./Middlewares/FatFs/Core/ff.o
 .text.remove_chain
                0x08004318       0x6e ./Middlewares/FatFs/Core/ff.o
 .text.create_chain
                0x08004386       0xb0 ./Middlewares/FatFs/Core/ff.o
 .text.dir_next
                0x08004436       0xec ./Middlewares/FatFs/Core/ff.o
 .text.dir_sdi  0x08004522       0x80 ./Middlewares/FatFs/Core/ff.o
 *fill*         0x080045a2        0x2 
 .text.dir_find
                0x080045a4      0x15c ./Middlewares/FatFs/Core/ff.o
 .text.dir_register
                0x08004700      0x288 ./Middlewares/FatFs/Core/ff.o
 .text.follow_path
                0x08004988      0x26c ./Middlewares/FatFs/Core/ff.o
 .text.f_mount  0x08004bf4       0x58 ./Middlewares/FatFs/Core/ff.o
                0x08004bf4                f_mount
 .text.f_open   0x08004c4c      0x220 ./Middlewares/FatFs/Core/ff.o
                0x08004c4c                f_open
 .text.f_read   0x08004e6c      0x16c ./Middlewares/FatFs/Core/ff.o
                0x08004e6c                f_read
 .text.f_write  0x08004fd8      0x194 ./Middlewares/FatFs/Core/ff.o
                0x08004fd8                f_write
 .text.f_sync   0x0800516c       0x96 ./Middlewares/FatFs/Core/ff.o
                0x0800516c                f_sync
 .text.f_close  0x08005202       0x22 ./Middlewares/FatFs/Core/ff.o
                0x08005202                f_close
 .text.FATFS_LinkDriverEx
                0x08005224       0x44 ./Middlewares/FatFs/Core/ff_gen_drv.o
                0x08005224                FATFS_LinkDriverEx
 .text.FATFS_LinkDriver
                0x08005268        0x6 ./Middlewares/FatFs/Core/ff_gen_drv.o
                0x08005268                FATFS_LinkDriver
 *fill*         0x0800526e        0x2 
 .text.FATFS_UnLinkDriverEx
                0x08005270       0x30 ./Middlewares/FatFs/Core/ff_gen_drv.o
                0x08005270                FATFS_UnLinkDriverEx
 .text.FATFS_UnLinkDriver
                0x080052a0        0x6 ./Middlewares/FatFs/Core/ff_gen_drv.o
                0x080052a0                FATFS_UnLinkDriver
 .text.USBH_initialize
                0x080052a6        0x4 ./Middlewares/FatFs/Drivers/usbh_diskio.o
                0x080052a6                USBH_initialize
 *fill*         0x080052aa        0x2 
 .text.USBH_status
                0x080052ac       0x18 ./Middlewares/FatFs/Drivers/usbh_diskio.o
                0x080052ac                USBH_status
 .text.USBH_ioctl
                0x080052c4       0x60 ./Middlewares/FatFs/Drivers/usbh_diskio.o
                0x080052c4                USBH_ioctl
 .text.USBH_read
                0x08005324       0x40 ./Middlewares/FatFs/Drivers/usbh_diskio.o
                0x08005324                USBH_read
 .text.USBH_write
                0x08005364       0x48 ./Middlewares/FatFs/Drivers/usbh_diskio.o
                0x08005364                USBH_write
 .text.ff_memalloc
                0x080053ac        0x4 ./Middlewares/FatFs/Option/syscall.o
                0x080053ac                ff_memalloc
 .text.ff_memfree
                0x080053b0        0x4 ./Middlewares/FatFs/Option/syscall.o
                0x080053b0                ff_memfree
 .text.ff_convert
                0x080053b4       0x38 ./Middlewares/FatFs/Option/unicode.o
                0x080053b4                ff_convert
 .text.ff_wtoupper
                0x080053ec       0x84 ./Middlewares/FatFs/Option/unicode.o
                0x080053ec                ff_wtoupper
 .text.USBH_MSC_SOFProcess
                0x08005470        0x4 ./Middlewares/STM32_USBH_Library/Class/MSC/usbh_msc.o
 .text.USBH_MSC_Process
                0x08005474      0x1ca ./Middlewares/STM32_USBH_Library/Class/MSC/usbh_msc.o
 .text.USBH_MSC_ClassRequest
                0x0800563e       0x6a ./Middlewares/STM32_USBH_Library/Class/MSC/usbh_msc.o
 .text.USBH_MSC_InterfaceDeInit
                0x080056a8       0x4c ./Middlewares/STM32_USBH_Library/Class/MSC/usbh_msc.o
 .text.USBH_MSC_InterfaceInit
                0x080056f4      0x106 ./Middlewares/STM32_USBH_Library/Class/MSC/usbh_msc.o
 .text.USBH_MSC_RdWrProcess
                0x080057fa       0x7c ./Middlewares/STM32_USBH_Library/Class/MSC/usbh_msc.o
 .text.USBH_MSC_UnitIsReady
                0x08005876       0x26 ./Middlewares/STM32_USBH_Library/Class/MSC/usbh_msc.o
                0x08005876                USBH_MSC_UnitIsReady
 .text.USBH_MSC_GetLUNInfo
                0x0800589c       0x30 ./Middlewares/STM32_USBH_Library/Class/MSC/usbh_msc.o
                0x0800589c                USBH_MSC_GetLUNInfo
 .text.USBH_MSC_Read
                0x080058cc       0x7a ./Middlewares/STM32_USBH_Library/Class/MSC/usbh_msc.o
                0x080058cc                USBH_MSC_Read
 .text.USBH_MSC_Write
                0x08005946       0x7a ./Middlewares/STM32_USBH_Library/Class/MSC/usbh_msc.o
                0x08005946                USBH_MSC_Write
 .text.USBH_MSC_BOT_REQ_Reset
                0x080059c0       0x10 ./Middlewares/STM32_USBH_Library/Class/MSC/usbh_msc_bot.o
                0x080059c0                USBH_MSC_BOT_REQ_Reset
 .text.USBH_MSC_BOT_REQ_GetMaxLUN
                0x080059d0       0x12 ./Middlewares/STM32_USBH_Library/Class/MSC/usbh_msc_bot.o
                0x080059d0                USBH_MSC_BOT_REQ_GetMaxLUN
 *fill*         0x080059e2        0x2 
 .text.USBH_MSC_BOT_Init
                0x080059e4       0x24 ./Middlewares/STM32_USBH_Library/Class/MSC/usbh_msc_bot.o
                0x080059e4                USBH_MSC_BOT_Init
 .text.USBH_MSC_BOT_Process
                0x08005a08      0x1b4 ./Middlewares/STM32_USBH_Library/Class/MSC/usbh_msc_bot.o
                0x08005a08                USBH_MSC_BOT_Process
 .text.USBH_MSC_SCSI_TestUnitReady
                0x08005bbc       0x46 ./Middlewares/STM32_USBH_Library/Class/MSC/usbh_msc_scsi.o
                0x08005bbc                USBH_MSC_SCSI_TestUnitReady
 .text.USBH_MSC_SCSI_ReadCapacity
                0x08005c02       0x66 ./Middlewares/STM32_USBH_Library/Class/MSC/usbh_msc_scsi.o
                0x08005c02                USBH_MSC_SCSI_ReadCapacity
 .text.USBH_MSC_SCSI_Inquiry
                0x08005c68       0xbc ./Middlewares/STM32_USBH_Library/Class/MSC/usbh_msc_scsi.o
                0x08005c68                USBH_MSC_SCSI_Inquiry
 .text.USBH_MSC_SCSI_RequestSense
                0x08005d24       0x84 ./Middlewares/STM32_USBH_Library/Class/MSC/usbh_msc_scsi.o
                0x08005d24                USBH_MSC_SCSI_RequestSense
 .text.USBH_MSC_SCSI_Write
                0x08005da8       0x8a ./Middlewares/STM32_USBH_Library/Class/MSC/usbh_msc_scsi.o
                0x08005da8                USBH_MSC_SCSI_Write
 .text.USBH_MSC_SCSI_Read
                0x08005e32       0x8c ./Middlewares/STM32_USBH_Library/Class/MSC/usbh_msc_scsi.o
                0x08005e32                USBH_MSC_SCSI_Read
 .text.DeInitStateMachine.isra.0
                0x08005ebe       0x64 ./Middlewares/STM32_USBH_Library/Core/usbh_core.o
 .text.USBH_Init
                0x08005f22       0x3e ./Middlewares/STM32_USBH_Library/Core/usbh_core.o
                0x08005f22                USBH_Init
 .text.USBH_RegisterClass
                0x08005f60       0x1a ./Middlewares/STM32_USBH_Library/Core/usbh_core.o
                0x08005f60                USBH_RegisterClass
 .text.USBH_SelectInterface
                0x08005f7a       0x12 ./Middlewares/STM32_USBH_Library/Core/usbh_core.o
                0x08005f7a                USBH_SelectInterface
 .text.USBH_FindInterface
                0x08005f8c       0x38 ./Middlewares/STM32_USBH_Library/Core/usbh_core.o
                0x08005f8c                USBH_FindInterface
 .text.USBH_Start
                0x08005fc4       0x14 ./Middlewares/STM32_USBH_Library/Core/usbh_core.o
                0x08005fc4                USBH_Start
 .text.USBH_Process
                0x08005fd8      0x3c8 ./Middlewares/STM32_USBH_Library/Core/usbh_core.o
                0x08005fd8                USBH_Process
 .text.USBH_LL_SetTimer
                0x080063a0        0x6 ./Middlewares/STM32_USBH_Library/Core/usbh_core.o
                0x080063a0                USBH_LL_SetTimer
 .text.USBH_LL_IncTimer
                0x080063a6       0x1c ./Middlewares/STM32_USBH_Library/Core/usbh_core.o
                0x080063a6                USBH_LL_IncTimer
 .text.USBH_LL_PortEnabled
                0x080063c2        0x8 ./Middlewares/STM32_USBH_Library/Core/usbh_core.o
                0x080063c2                USBH_LL_PortEnabled
 .text.USBH_LL_PortDisabled
                0x080063ca        0x8 ./Middlewares/STM32_USBH_Library/Core/usbh_core.o
                0x080063ca                USBH_LL_PortDisabled
 .text.USBH_LL_Connect
                0x080063d2       0x14 ./Middlewares/STM32_USBH_Library/Core/usbh_core.o
                0x080063d2                USBH_LL_Connect
 .text.USBH_LL_Disconnect
                0x080063e6       0x2c ./Middlewares/STM32_USBH_Library/Core/usbh_core.o
                0x080063e6                USBH_LL_Disconnect
 .text.USBH_CtlReq
                0x08006412      0x170 ./Middlewares/STM32_USBH_Library/Core/usbh_ctlreq.o
                0x08006412                USBH_CtlReq
 .text.USBH_GetDescriptor
                0x08006582       0x38 ./Middlewares/STM32_USBH_Library/Core/usbh_ctlreq.o
                0x08006582                USBH_GetDescriptor
 *fill*         0x080065ba        0x2 
 .text.USBH_Get_DevDesc
                0x080065bc       0xd8 ./Middlewares/STM32_USBH_Library/Core/usbh_ctlreq.o
                0x080065bc                USBH_Get_DevDesc
 .text.USBH_Get_CfgDesc
                0x08006694      0x214 ./Middlewares/STM32_USBH_Library/Core/usbh_ctlreq.o
                0x08006694                USBH_Get_CfgDesc
 .text.USBH_Get_StringDesc
                0x080068a8       0x5a ./Middlewares/STM32_USBH_Library/Core/usbh_ctlreq.o
                0x080068a8                USBH_Get_StringDesc
 .text.USBH_SetAddress
                0x08006902       0x1a ./Middlewares/STM32_USBH_Library/Core/usbh_ctlreq.o
                0x08006902                USBH_SetAddress
 .text.USBH_SetCfg
                0x0800691c       0x1a ./Middlewares/STM32_USBH_Library/Core/usbh_ctlreq.o
                0x0800691c                USBH_SetCfg
 .text.USBH_SetFeature
                0x08006936       0x1a ./Middlewares/STM32_USBH_Library/Core/usbh_ctlreq.o
                0x08006936                USBH_SetFeature
 .text.USBH_ClrFeature
                0x08006950       0x1a ./Middlewares/STM32_USBH_Library/Core/usbh_ctlreq.o
                0x08006950                USBH_ClrFeature
 .text.USBH_CtlSendSetup
                0x0800696a       0x20 ./Middlewares/STM32_USBH_Library/Core/usbh_ioreq.o
                0x0800696a                USBH_CtlSendSetup
 .text.USBH_CtlSendData
                0x0800698a       0x2e ./Middlewares/STM32_USBH_Library/Core/usbh_ioreq.o
                0x0800698a                USBH_CtlSendData
 .text.USBH_CtlReceiveData
                0x080069b8       0x20 ./Middlewares/STM32_USBH_Library/Core/usbh_ioreq.o
                0x080069b8                USBH_CtlReceiveData
 .text.USBH_BulkSendData
                0x080069d8       0x2e ./Middlewares/STM32_USBH_Library/Core/usbh_ioreq.o
                0x080069d8                USBH_BulkSendData
 .text.USBH_BulkReceiveData
                0x08006a06       0x20 ./Middlewares/STM32_USBH_Library/Core/usbh_ioreq.o
                0x08006a06                USBH_BulkReceiveData
 .text.USBH_OpenPipe
                0x08006a26       0x1e ./Middlewares/STM32_USBH_Library/Core/usbh_pipes.o
                0x08006a26                USBH_OpenPipe
 .text.USBH_ClosePipe
                0x08006a44        0xa ./Middlewares/STM32_USBH_Library/Core/usbh_pipes.o
                0x08006a44                USBH_ClosePipe
 .text.USBH_AllocPipe
                0x08006a4e       0x2e ./Middlewares/STM32_USBH_Library/Core/usbh_pipes.o
                0x08006a4e                USBH_AllocPipe
 .text.USBH_FreePipe
                0x08006a7c       0x18 ./Middlewares/STM32_USBH_Library/Core/usbh_pipes.o
                0x08006a7c                USBH_FreePipe
 .text.malloc   0x08006a94       0x10 /opt/st/stm32cubeide_1.16.0/plugins/com.st.stm32cube.ide.mcu.externaltools.gnu-tools-for-stm32.12.3.rel1.linux64_1.0.200.202406132123/tools/bin/../lib/gcc/arm-none-eabi/12.3.1/../../../../arm-none-eabi/lib/thumb/v7e-m+dp/hard/libc_nano.a(libc_a-malloc.o)
                0x08006a94                malloc
 .text.free     0x08006aa4       0x10 /opt/st/stm32cubeide_1.16.0/plugins/com.st.stm32cube.ide.mcu.externaltools.gnu-tools-for-stm32.12.3.rel1.linux64_1.0.200.202406132123/tools/bin/../lib/gcc/arm-none-eabi/12.3.1/../../../../arm-none-eabi/lib/thumb/v7e-m+dp/hard/libc_nano.a(libc_a-malloc.o)
                0x08006aa4                free
 .text.sbrk_aligned
                0x08006ab4       0x44 /opt/st/stm32cubeide_1.16.0/plugins/com.st.stm32cube.ide.mcu.externaltools.gnu-tools-for-stm32.12.3.rel1.linux64_1.0.200.202406132123/tools/bin/../lib/gcc/arm-none-eabi/12.3.1/../../../../arm-none-eabi/lib/thumb/v7e-m+dp/hard/libc_nano.a(libc_a-mallocr.o)
 .text._malloc_r
                0x08006af8      0x100 /opt/st/stm32cubeide_1.16.0/plugins/com.st.stm32cube.ide.mcu.externaltools.gnu-tools-for-stm32.12.3.rel1.linux64_1.0.200.202406132123/tools/bin/../lib/gcc/arm-none-eabi/12.3.1/../../../../arm-none-eabi/lib/thumb/v7e-m+dp/hard/libc_nano.a(libc_a-mallocr.o)
                0x08006af8                _malloc_r
 .text.__malloc_lock
                0x08006bf8        0xc /opt/st/stm32cubeide_1.16.0/plugins/com.st.stm32cube.ide.mcu.externaltools.gnu-tools-for-stm32.12.3.rel1.linux64_1.0.200.202406132123/tools/bin/../lib/gcc/arm-none-eabi/12.3.1/../../../../arm-none-eabi/lib/thumb/v7e-m+dp/hard/libc_nano.a(libc_a-mlock.o)
                0x08006bf8                __malloc_lock
 .text.__malloc_unlock
                0x08006c04        0xc /opt/st/stm32cubeide_1.16.0/plugins/com.st.stm32cube.ide.mcu.externaltools.gnu-tools-for-stm32.12.3.rel1.linux64_1.0.200.202406132123/tools/bin/../lib/gcc/arm-none-eabi/12.3.1/../../../../arm-none-eabi/lib/thumb/v7e-m+dp/hard/libc_nano.a(libc_a-mlock.o)
                0x08006c04                __malloc_unlock
 .text.sprintf  0x08006c10       0x40 /opt/st/stm32cubeide_1.16.0/plugins/com.st.stm32cube.ide.mcu.externaltools.gnu-tools-for-stm32.12.3.rel1.linux64_1.0.200.202406132123/tools/bin/../lib/gcc/arm-none-eabi/12.3.1/../../../../arm-none-eabi/lib/thumb/v7e-m+dp/hard/libc_nano.a(libc_a-sprintf.o)
                0x08006c10                sprintf
                0x08006c10                siprintf
 .text.memset   0x08006c50       0x10 /opt/st/stm32cubeide_1.16.0/plugins/com.st.stm32cube.ide.mcu.externaltools.gnu-tools-for-stm32.12.3.rel1.linux64_1.0.200.202406132123/tools/bin/../lib/gcc/arm-none-eabi/12.3.1/../../../../arm-none-eabi/lib/thumb/v7e-m+dp/hard/libc_nano.a(libc_a-memset.o)
                0x08006c50                memset
 .text._sbrk_r  0x08006c60       0x20 /opt/st/stm32cubeide_1.16.0/plugins/com.st.stm32cube.ide.mcu.externaltools.gnu-tools-for-stm32.12.3.rel1.linux64_1.0.200.202406132123/tools/bin/../lib/gcc/arm-none-eabi/12.3.1/../../../../arm-none-eabi/lib/thumb/v7e-m+dp/hard/libc_nano.a(libc_a-sbrkr.o)
                0x08006c60                _sbrk_r
 .text.__errno  0x08006c80        0xc /opt/st/stm32cubeide_1.16.0/plugins/com.st.stm32cube.ide.mcu.externaltools.gnu-tools-for-stm32.12.3.rel1.linux64_1.0.200.202406132123/tools/bin/../lib/gcc/arm-none-eabi/12.3.1/../../../../arm-none-eabi/lib/thumb/v7e-m+dp/hard/libc_nano.a(libc_a-errno.o)
                0x08006c80                __errno
 .text.__libc_init_array
                0x08006c8c       0x48 /opt/st/stm32cubeide_1.16.0/plugins/com.st.stm32cube.ide.mcu.externaltools.gnu-tools-for-stm32.12.3.rel1.linux64_1.0.200.202406132123/tools/bin/../lib/gcc/arm-none-eabi/12.3.1/../../../../arm-none-eabi/lib/thumb/v7e-m+dp/hard/libc_nano.a(libc_a-init.o)
                0x08006c8c                __libc_init_array
 .text.__retarget_lock_acquire_recursive
                0x08006cd4        0x2 /opt/st/stm32cubeide_1.16.0/plugins/com.st.stm32cube.ide.mcu.externaltools.gnu-tools-for-stm32.12.3.rel1.linux64_1.0.200.202406132123/tools/bin/../lib/gcc/arm-none-eabi/12.3.1/../../../../arm-none-eabi/lib/thumb/v7e-m+dp/hard/libc_nano.a(libc_a-lock.o)
                0x08006cd4                __retarget_lock_acquire_recursive
 .text.__retarget_lock_release_recursive
                0x08006cd6        0x2 /opt/st/stm32cubeide_1.16.0/plugins/com.st.stm32cube.ide.mcu.externaltools.gnu-tools-for-stm32.12.3.rel1.linux64_1.0.200.202406132123/tools/bin/../lib/gcc/arm-none-eabi/12.3.1/../../../../arm-none-eabi/lib/thumb/v7e-m+dp/hard/libc_nano.a(libc_a-lock.o)
                0x08006cd6                __retarget_lock_release_recursive
 .text.memcpy   0x08006cd8       0x1c /opt/st/stm32cubeide_1.16.0/plugins/com.st.stm32cube.ide.mcu.externaltools.gnu-tools-for-stm32.12.3.rel1.linux64_1.0.200.202406132123/tools/bin/../lib/gcc/arm-none-eabi/12.3.1/../../../../arm-none-eabi/lib/thumb/v7e-m+dp/hard/libc_nano.a(libc_a-memcpy-stub.o)
                0x08006cd8                memcpy
 .text._free_r  0x08006cf4       0x94 /opt/st/stm32cubeide_1.16.0/plugins/com.st.stm32cube.ide.mcu.externaltools.gnu-tools-for-stm32.12.3.rel1.linux64_1.0.200.202406132123/tools/bin/../lib/gcc/arm-none-eabi/12.3.1/../../../../arm-none-eabi/lib/thumb/v7e-m+dp/hard/libc_nano.a(libc_a-freer.o)
                0x08006cf4                _free_r
 .text.__ssputs_r
                0x08006d88       0xb6 /opt/st/stm32cubeide_1.16.0/plugins/com.st.stm32cube.ide.mcu.externaltools.gnu-tools-for-stm32.12.3.rel1.linux64_1.0.200.202406132123/tools/bin/../lib/gcc/arm-none-eabi/12.3.1/../../../../arm-none-eabi/lib/thumb/v7e-m+dp/hard/libc_nano.a(libc_a-nano-svfprintf.o)
                0x08006d88                __ssputs_r
 *fill*         0x08006e3e        0x2 
 .text._svfprintf_r
                0x08006e40      0x1f8 /opt/st/stm32cubeide_1.16.0/plugins/com.st.stm32cube.ide.mcu.externaltools.gnu-tools-for-stm32.12.3.rel1.linux64_1.0.200.202406132123/tools/bin/../lib/gcc/arm-none-eabi/12.3.1/../../../../arm-none-eabi/lib/thumb/v7e-m+dp/hard/libc_nano.a(libc_a-nano-svfprintf.o)
                0x08006e40                _svfprintf_r
                0x08006e40                _svfiprintf_r
 .text._printf_common
                0x08007038       0xda /opt/st/stm32cubeide_1.16.0/plugins/com.st.stm32cube.ide.mcu.externaltools.gnu-tools-for-stm32.12.3.rel1.linux64_1.0.200.202406132123/tools/bin/../lib/gcc/arm-none-eabi/12.3.1/../../../../arm-none-eabi/lib/thumb/v7e-m+dp/hard/libc_nano.a(libc_a-nano-vfprintf_i.o)
                0x08007038                _printf_common
 *fill*         0x08007112        0x2 
 .text._printf_i
                0x08007114      0x240 /opt/st/stm32cubeide_1.16.0/plugins/com.st.stm32cube.ide.mcu.externaltools.gnu-tools-for-stm32.12.3.rel1.linux64_1.0.200.202406132123/tools/bin/../lib/gcc/arm-none-eabi/12.3.1/../../../../arm-none-eabi/lib/thumb/v7e-m+dp/hard/libc_nano.a(libc_a-nano-vfprintf_i.o)
                0x08007114                _printf_i
 .text.memmove  0x08007354       0x34 /opt/st/stm32cubeide_1.16.0/plugins/com.st.stm32cube.ide.mcu.externaltools.gnu-tools-for-stm32.12.3.rel1.linux64_1.0.200.202406132123/tools/bin/../lib/gcc/arm-none-eabi/12.3.1/../../../../arm-none-eabi/lib/thumb/v7e-m+dp/hard/libc_nano.a(libc_a-memmove.o)
                0x08007354                memmove
 .text._realloc_r
                0x08007388       0x5c /opt/st/stm32cubeide_1.16.0/plugins/com.st.stm32cube.ide.mcu.externaltools.gnu-tools-for-stm32.12.3.rel1.linux64_1.0.200.202406132123/tools/bin/../lib/gcc/arm-none-eabi/12.3.1/../../../../arm-none-eabi/lib/thumb/v7e-m+dp/hard/libc_nano.a(libc_a-reallocr.o)
                0x08007388                _realloc_r
 .text._malloc_usable_size_r
                0x080073e4       0x10 /opt/st/stm32cubeide_1.16.0/plugins/com.st.stm32cube.ide.mcu.externaltools.gnu-tools-for-stm32.12.3.rel1.linux64_1.0.200.202406132123/tools/bin/../lib/gcc/arm-none-eabi/12.3.1/../../../../arm-none-eabi/lib/thumb/v7e-m+dp/hard/libc_nano.a(libc_a-msizer.o)
                0x080073e4                _malloc_usable_size_r
 *(.glue_7)
 .glue_7        0x080073f4        0x0 linker stubs
 *(.glue_7t)
 .glue_7t       0x080073f4        0x0 linker stubs
 *(.eh_frame)
 .eh_frame      0x080073f4        0x0 /opt/st/stm32cubeide_1.16.0/plugins/com.st.stm32cube.ide.mcu.externaltools.gnu-tools-for-stm32.12.3.rel1.linux64_1.0.200.202406132123/tools/bin/../lib/gcc/arm-none-eabi/12.3.1/thumb/v7e-m+dp/hard/crtbegin.o
 *(.init)
 .init          0x080073f4        0x4 /opt/st/stm32cubeide_1.16.0/plugins/com.st.stm32cube.ide.mcu.externaltools.gnu-tools-for-stm32.12.3.rel1.linux64_1.0.200.202406132123/tools/bin/../lib/gcc/arm-none-eabi/12.3.1/thumb/v7e-m+dp/hard/crti.o
                0x080073f4                _init
 .init          0x080073f8        0x8 /opt/st/stm32cubeide_1.16.0/plugins/com.st.stm32cube.ide.mcu.externaltools.gnu-tools-for-stm32.12.3.rel1.linux64_1.0.200.202406132123/tools/bin/../lib/gcc/arm-none-eabi/12.3.1/thumb/v7e-m+dp/hard/crtn.o
 *(.fini)
 .fini          0x08007400        0x4 /opt/st/stm32cubeide_1.16.0/plugins/com.st.stm32cube.ide.mcu.externaltools.gnu-tools-for-stm32.12.3.rel1.linux64_1.0.200.202406132123/tools/bin/../lib/gcc/arm-none-eabi/12.3.1/thumb/v7e-m+dp/hard/crti.o
                0x08007400                _fini
 .fini          0x08007404        0x8 /opt/st/stm32cubeide_1.16.0/plugins/com.st.stm32cube.ide.mcu.externaltools.gnu-tools-for-stm32.12.3.rel1.linux64_1.0.200.202406132123/tools/bin/../lib/gcc/arm-none-eabi/12.3.1/thumb/v7e-m+dp/hard/crtn.o
                0x0800740c                        . = ALIGN (0x4)
                0x0800740c                        _etext = .

.vfp11_veneer   0x0800740c        0x0
 .vfp11_veneer  0x0800740c        0x0 linker stubs

.v4_bx          0x0800740c        0x0
 .v4_bx         0x0800740c        0x0 linker stubs

.iplt           0x0800740c        0x0
 .iplt          0x0800740c        0x0 /opt/st/stm32cubeide_1.16.0/plugins/com.st.stm32cube.ide.mcu.externaltools.gnu-tools-for-stm32.12.3.rel1.linux64_1.0.200.202406132123/tools/bin/../lib/gcc/arm-none-eabi/12.3.1/thumb/v7e-m+dp/hard/crtbegin.o

.rodata         0x0800740c      0x5d4
                0x0800740c                        . = ALIGN (0x4)
 *(.rodata)
 .rodata        0x0800740c       0x24 ./Application/User/Logging.o
 .rodata        0x08007430        0xa ./Drivers/BSP/STM32F769ZI_Nucleo/stm32f7xx_nucleo_144.o
                0x08007430                GPIO_PIN
                0x08007436                BUTTON_IRQn
                0x08007438                BUTTON_PIN
 .rodata        0x0800743a       0x18 ./Drivers/CMSIS/system_stm32f7xx.o
                0x0800743a                AHBPrescTable
                0x0800744a                APBPrescTable
 .rodata        0x08007452        0x8 ./Drivers/STM32F7xx_HAL_Driver/stm32f7xx_hal_dma.o
 .rodata        0x0800745a       0xaa ./Middlewares/FatFs/Core/ff.o
 .rodata        0x08007504       0x14 ./Middlewares/FatFs/Drivers/usbh_diskio.o
                0x08007504                USBH_Driver
 .rodata        0x08007518      0x3ae ./Middlewares/FatFs/Option/unicode.o
 *(.rodata*)
 .rodata.str1.1
                0x080078c6       0x4f ./Application/User/Logging.o
 .rodata.str1.1
                0x08007915       0x4e ./Application/User/main.o
                                 0x4f (size before relaxing)
 .rodata.str1.1
                0x08007963       0x44 ./Middlewares/FatFs/Core/ff.o
 .rodata.str1.1
                0x080079a7        0x4 ./Middlewares/STM32_USBH_Library/Class/MSC/usbh_msc.o
 .rodata._svfprintf_r.str1.1
                0x080079ab       0x11 /opt/st/stm32cubeide_1.16.0/plugins/com.st.stm32cube.ide.mcu.externaltools.gnu-tools-for-stm32.12.3.rel1.linux64_1.0.200.202406132123/tools/bin/../lib/gcc/arm-none-eabi/12.3.1/../../../../arm-none-eabi/lib/thumb/v7e-m+dp/hard/libc_nano.a(libc_a-nano-svfprintf.o)
 .rodata._printf_i.str1.1
                0x080079bc       0x22 /opt/st/stm32cubeide_1.16.0/plugins/com.st.stm32cube.ide.mcu.externaltools.gnu-tools-for-stm32.12.3.rel1.linux64_1.0.200.202406132123/tools/bin/../lib/gcc/arm-none-eabi/12.3.1/../../../../arm-none-eabi/lib/thumb/v7e-m+dp/hard/libc_nano.a(libc_a-nano-vfprintf_i.o)
                0x080079e0                        . = ALIGN (0x4)
 *fill*         0x080079de        0x2 

.ARM.extab
 *(.ARM.extab* .gnu.linkonce.armextab.*)

.ARM            0x080079e0        0x8
                0x080079e0                        __exidx_start = .
 *(.ARM.exidx*)
 .ARM.exidx     0x080079e0        0x8 /opt/st/stm32cubeide_1.16.0/plugins/com.st.stm32cube.ide.mcu.externaltools.gnu-tools-for-stm32.12.3.rel1.linux64_1.0.200.202406132123/tools/bin/../lib/gcc/arm-none-eabi/12.3.1/../../../../arm-none-eabi/lib/thumb/v7e-m+dp/hard/libc_nano.a(libc_a-strlen.o)
 .ARM.exidx     0x080079e8        0x0 /opt/st/stm32cubeide_1.16.0/plugins/com.st.stm32cube.ide.mcu.externaltools.gnu-tools-for-stm32.12.3.rel1.linux64_1.0.200.202406132123/tools/bin/../lib/gcc/arm-none-eabi/12.3.1/../../../../arm-none-eabi/lib/thumb/v7e-m+dp/hard/libc_nano.a(libc_a-memchr.o)
                                  0x8 (size before relaxing)
 .ARM.exidx     0x080079e8        0x0 /opt/st/stm32cubeide_1.16.0/plugins/com.st.stm32cube.ide.mcu.externaltools.gnu-tools-for-stm32.12.3.rel1.linux64_1.0.200.202406132123/tools/bin/../lib/gcc/arm-none-eabi/12.3.1/thumb/v7e-m+dp/hard/libgcc.a(_udivmoddi4.o)
                                  0x8 (size before relaxing)
                0x080079e8                        __exidx_end = .

.rel.dyn        0x080079e8        0x0
 .rel.iplt      0x080079e8        0x0 /opt/st/stm32cubeide_1.16.0/plugins/com.st.stm32cube.ide.mcu.externaltools.gnu-tools-for-stm32.12.3.rel1.linux64_1.0.200.202406132123/tools/bin/../lib/gcc/arm-none-eabi/12.3.1/thumb/v7e-m+dp/hard/crtbegin.o

.preinit_array  0x080079e8        0x0
                0x080079e8                        PROVIDE (__preinit_array_start = .)
 *(.preinit_array*)
                0x080079e8                        PROVIDE (__preinit_array_end = .)

.init_array     0x080079e8        0x4
                0x080079e8                        PROVIDE (__init_array_start = .)
 *(SORT_BY_NAME(.init_array.*))
 *(.init_array*)
 .init_array    0x080079e8        0x4 /opt/st/stm32cubeide_1.16.0/plugins/com.st.stm32cube.ide.mcu.externaltools.gnu-tools-for-stm32.12.3.rel1.linux64_1.0.200.202406132123/tools/bin/../lib/gcc/arm-none-eabi/12.3.1/thumb/v7e-m+dp/hard/crtbegin.o
                0x080079ec                        PROVIDE (__init_array_end = .)

.fini_array     0x080079ec        0x4
                [!provide]                        PROVIDE (__fini_array_start = .)
 *(SORT_BY_NAME(.fini_array.*))
 *(.fini_array*)
 .fini_array    0x080079ec        0x4 /opt/st/stm32cubeide_1.16.0/plugins/com.st.stm32cube.ide.mcu.externaltools.gnu-tools-for-stm32.12.3.rel1.linux64_1.0.200.202406132123/tools/bin/../lib/gcc/arm-none-eabi/12.3.1/thumb/v7e-m+dp/hard/crtbegin.o
                [!provide]                        PROVIDE (__fini_array_end = .)
                0x080079f0                        _sidata = LOADADDR (.data)

.data           0x20000000       0x98 load address 0x080079f0
                0x20000000                        . = ALIGN (0x4)
                0x20000000                        _sdata = .
 *(.data)
 .data          0x20000000        0x1 ./Application/User/Logging.o
 *fill*         0x20000001        0x3 
 .data          0x20000004        0x8 ./Application/User/TaskConsole.o
 .data          0x2000000c       0x10 ./Drivers/BSP/STM32F769ZI_Nucleo/stm32f7xx_nucleo_144.o
                0x2000000c                GPIO_PORT
                0x20000018                BUTTON_PORT
 .data          0x2000001c        0x4 ./Drivers/CMSIS/system_stm32f7xx.o
                0x2000001c                SystemCoreClock
 .data          0x20000020        0x8 ./Drivers/STM32F7xx_HAL_Driver/stm32f7xx_hal.o
                0x20000020                uwTickFreq
                0x20000024                uwTickPrio
 .data          0x20000028       0x20 ./Middlewares/STM32_USBH_Library/Class/MSC/usbh_msc.o
                0x20000028                USBH_msc
 *(.data*)
 .data._impure_ptr
                0x20000048        0x4 /opt/st/stm32cubeide_1.16.0/plugins/com.st.stm32cube.ide.mcu.externaltools.gnu-tools-for-stm32.12.3.rel1.linux64_1.0.200.202406132123/tools/bin/../lib/gcc/arm-none-eabi/12.3.1/../../../../arm-none-eabi/lib/thumb/v7e-m+dp/hard/libc_nano.a(libc_a-impure.o)
                0x20000048                _impure_ptr
 .data._impure_data
                0x2000004c       0x4c /opt/st/stm32cubeide_1.16.0/plugins/com.st.stm32cube.ide.mcu.externaltools.gnu-tools-for-stm32.12.3.rel1.linux64_1.0.200.202406132123/tools/bin/../lib/gcc/arm-none-eabi/12.3.1/../../../../arm-none-eabi/lib/thumb/v7e-m+dp/hard/libc_nano.a(libc_a-impure.o)
                0x2000004c                _impure_data
                0x20000098                        . = ALIGN (0x4)
                0x20000098                        _edata = .

.igot.plt       0x20000098        0x0 load address 0x08007a88
 .igot.plt      0x20000098        0x0 /opt/st/stm32cubeide_1.16.0/plugins/com.st.stm32cube.ide.mcu.externaltools.gnu-tools-for-stm32.12.3.rel1.linux64_1.0.200.202406132123/tools/bin/../lib/gcc/arm-none-eabi/12.3.1/thumb/v7e-m+dp/hard/crtbegin.o
                0x20000098                        . = ALIGN (0x4)

.bss            0x20000098     0x3944 load address 0x08007a88
                0x20000098                        _sbss = .
                0x20000098                        __bss_start__ = _sbss
 *(.bss)
 .bss           0x20000098       0x1c /opt/st/stm32cubeide_1.16.0/plugins/com.st.stm32cube.ide.mcu.externaltools.gnu-tools-for-stm32.12.3.rel1.linux64_1.0.200.202406132123/tools/bin/../lib/gcc/arm-none-eabi/12.3.1/thumb/v7e-m+dp/hard/crtbegin.o
 .bss           0x200000b4        0x8 ./Application/SW4STM32/syscalls.o
                0x200000b8                __env
 .bss           0x200000bc      0x105 ./Application/User/Logging.o
 .bss           0x200001c1     0x2803 ./Application/User/TaskConsole.o
                0x200001c1                rtosInitialized
 .bss           0x200029c4      0xab0 ./Application/User/main.o
                0x200029c4                AppliState
                0x200029c8                huart3
                0x20002a50                USBDISKPath
                0x20002a54                hUSBHost
                0x20002fb0                USBDISKFatFs
                0x200031e4                MyFile
                0x20003414                hdma_usart3_tx
 .bss           0x20003474      0x3e0 ./Application/User/usbh_conf.o
                0x20003474                hhcd
 .bss           0x20003854        0x4 ./Drivers/STM32F7xx_HAL_Driver/stm32f7xx_hal.o
                0x20003854                uwTick
 .bss           0x20003858       0x2a ./Middlewares/FatFs/Core/ff.o
 *fill*         0x20003882        0x2 
 .bss           0x20003884       0x10 ./Middlewares/FatFs/Core/ff_gen_drv.o
                0x20003884                disk
 *(.bss*)
 .bss.__malloc_sbrk_start
                0x20003894        0x4 /opt/st/stm32cubeide_1.16.0/plugins/com.st.stm32cube.ide.mcu.externaltools.gnu-tools-for-stm32.12.3.rel1.linux64_1.0.200.202406132123/tools/bin/../lib/gcc/arm-none-eabi/12.3.1/../../../../arm-none-eabi/lib/thumb/v7e-m+dp/hard/libc_nano.a(libc_a-mallocr.o)
                0x20003894                __malloc_sbrk_start
 .bss.__malloc_free_list
                0x20003898        0x4 /opt/st/stm32cubeide_1.16.0/plugins/com.st.stm32cube.ide.mcu.externaltools.gnu-tools-for-stm32.12.3.rel1.linux64_1.0.200.202406132123/tools/bin/../lib/gcc/arm-none-eabi/12.3.1/../../../../arm-none-eabi/lib/thumb/v7e-m+dp/hard/libc_nano.a(libc_a-mallocr.o)
                0x20003898                __malloc_free_list
 .bss.__sf      0x2000389c      0x138 /opt/st/stm32cubeide_1.16.0/plugins/com.st.stm32cube.ide.mcu.externaltools.gnu-tools-for-stm32.12.3.rel1.linux64_1.0.200.202406132123/tools/bin/../lib/gcc/arm-none-eabi/12.3.1/../../../../arm-none-eabi/lib/thumb/v7e-m+dp/hard/libc_nano.a(libc_a-findfp.o)
                0x2000389c                __sf
 .bss.errno     0x200039d4        0x4 /opt/st/stm32cubeide_1.16.0/plugins/com.st.stm32cube.ide.mcu.externaltools.gnu-tools-for-stm32.12.3.rel1.linux64_1.0.200.202406132123/tools/bin/../lib/gcc/arm-none-eabi/12.3.1/../../../../arm-none-eabi/lib/thumb/v7e-m+dp/hard/libc_nano.a(libc_a-reent.o)
                0x200039d4                errno
 .bss.__lock___malloc_recursive_mutex
                0x200039d8        0x1 /opt/st/stm32cubeide_1.16.0/plugins/com.st.stm32cube.ide.mcu.externaltools.gnu-tools-for-stm32.12.3.rel1.linux64_1.0.200.202406132123/tools/bin/../lib/gcc/arm-none-eabi/12.3.1/../../../../arm-none-eabi/lib/thumb/v7e-m+dp/hard/libc_nano.a(libc_a-lock.o)
                0x200039d8                __lock___malloc_recursive_mutex
 *(COMMON)
                0x200039dc                        . = ALIGN (0x4)
 *fill*         0x200039d9        0x3 
                0x200039dc                        _ebss = .
                0x200039dc                        __bss_end__ = _ebss

._user_heap_stack
                0x200039dc     0x1404 load address 0x08007a88
                0x200039e0                        . = ALIGN (0x8)
 *fill*         0x200039dc        0x4 
                0x200039e0                        PROVIDE (end = .)
                [!provide]                        PROVIDE (_end = .)
                0x20003de0                        . = (. + _Min_Heap_Size)
 *fill*         0x200039e0      0x400 
                0x20004de0                        . = (. + _Min_Stack_Size)
 *fill*         0x20003de0     0x1000 
                0x20004de0                        . = ALIGN (0x8)

/DISCARD/
 libc.a(*)
 libm.a(*)
 libgcc.a(*)

.ARM.attributes
                0x00000000       0x2e
 *(.ARM.attributes)
 .ARM.attributes
                0x00000000       0x20 /opt/st/stm32cubeide_1.16.0/plugins/com.st.stm32cube.ide.mcu.externaltools.gnu-tools-for-stm32.12.3.rel1.linux64_1.0.200.202406132123/tools/bin/../lib/gcc/arm-none-eabi/12.3.1/thumb/v7e-m+dp/hard/crti.o
 .ARM.attributes
                0x00000020       0x32 /opt/st/stm32cubeide_1.16.0/plugins/com.st.stm32cube.ide.mcu.externaltools.gnu-tools-for-stm32.12.3.rel1.linux64_1.0.200.202406132123/tools/bin/../lib/gcc/arm-none-eabi/12.3.1/thumb/v7e-m+dp/hard/crtbegin.o
 .ARM.attributes
                0x00000052       0x21 ./Application/SW4STM32/startup_stm32f767xx.o
 .ARM.attributes
                0x00000073       0x32 ./Application/SW4STM32/syscalls.o
 .ARM.attributes
                0x000000a5       0x32 ./Application/User/Logging.o
 .ARM.attributes
                0x000000d7       0x32 ./Application/User/TaskConsole.o
 .ARM.attributes
                0x00000109       0x32 ./Application/User/main.o
 .ARM.attributes
                0x0000013b       0x32 ./Application/User/stm32f7xx_hal_msp.o
 .ARM.attributes
                0x0000016d       0x32 ./Application/User/stm32f7xx_it.o
 .ARM.attributes
                0x0000019f       0x32 ./Application/User/usbh_conf.o
 .ARM.attributes
                0x000001d1       0x32 ./Drivers/BSP/STM32F769ZI_Nucleo/stm32f7xx_nucleo_144.o
 .ARM.attributes
                0x00000203       0x32 ./Drivers/CMSIS/system_stm32f7xx.o
 .ARM.attributes
                0x00000235       0x32 ./Drivers/STM32F7xx_HAL_Driver/stm32f7xx_hal.o
 .ARM.attributes
                0x00000267       0x32 ./Drivers/STM32F7xx_HAL_Driver/stm32f7xx_hal_cortex.o
 .ARM.attributes
                0x00000299       0x32 ./Drivers/STM32F7xx_HAL_Driver/stm32f7xx_hal_dma.o
 .ARM.attributes
                0x000002cb       0x32 ./Drivers/STM32F7xx_HAL_Driver/stm32f7xx_hal_gpio.o
 .ARM.attributes
                0x000002fd       0x32 ./Drivers/STM32F7xx_HAL_Driver/stm32f7xx_hal_hcd.o
 .ARM.attributes
                0x0000032f       0x32 ./Drivers/STM32F7xx_HAL_Driver/stm32f7xx_hal_pwr_ex.o
 .ARM.attributes
                0x00000361       0x32 ./Drivers/STM32F7xx_HAL_Driver/stm32f7xx_hal_rcc.o
 .ARM.attributes
                0x00000393       0x32 ./Drivers/STM32F7xx_HAL_Driver/stm32f7xx_hal_rcc_ex.o
 .ARM.attributes
                0x000003c5       0x32 ./Drivers/STM32F7xx_HAL_Driver/stm32f7xx_hal_uart.o
 .ARM.attributes
                0x000003f7       0x32 ./Drivers/STM32F7xx_HAL_Driver/stm32f7xx_ll_usb.o
 .ARM.attributes
                0x00000429       0x32 ./Middlewares/FatFs/Core/diskio.o
 .ARM.attributes
                0x0000045b       0x32 ./Middlewares/FatFs/Core/ff.o
 .ARM.attributes
                0x0000048d       0x32 ./Middlewares/FatFs/Core/ff_gen_drv.o
 .ARM.attributes
                0x000004bf       0x32 ./Middlewares/FatFs/Drivers/usbh_diskio.o
 .ARM.attributes
                0x000004f1       0x32 ./Middlewares/FatFs/Option/syscall.o
 .ARM.attributes
                0x00000523       0x32 ./Middlewares/FatFs/Option/unicode.o
 .ARM.attributes
                0x00000555       0x32 ./Middlewares/STM32_USBH_Library/Class/MSC/usbh_msc.o
 .ARM.attributes
                0x00000587       0x32 ./Middlewares/STM32_USBH_Library/Class/MSC/usbh_msc_bot.o
 .ARM.attributes
                0x000005b9       0x32 ./Middlewares/STM32_USBH_Library/Class/MSC/usbh_msc_scsi.o
 .ARM.attributes
                0x000005eb       0x32 ./Middlewares/STM32_USBH_Library/Core/usbh_core.o
 .ARM.attributes
                0x0000061d       0x32 ./Middlewares/STM32_USBH_Library/Core/usbh_ctlreq.o
 .ARM.attributes
                0x0000064f       0x32 ./Middlewares/STM32_USBH_Library/Core/usbh_ioreq.o
 .ARM.attributes
                0x00000681       0x32 ./Middlewares/STM32_USBH_Library/Core/usbh_pipes.o
 .ARM.attributes
                0x000006b3       0x32 /opt/st/stm32cubeide_1.16.0/plugins/com.st.stm32cube.ide.mcu.externaltools.gnu-tools-for-stm32.12.3.rel1.linux64_1.0.200.202406132123/tools/bin/../lib/gcc/arm-none-eabi/12.3.1/../../../../arm-none-eabi/lib/thumb/v7e-m+dp/hard/libc_nano.a(libc_a-malloc.o)
 .ARM.attributes
                0x000006e5       0x32 /opt/st/stm32cubeide_1.16.0/plugins/com.st.stm32cube.ide.mcu.externaltools.gnu-tools-for-stm32.12.3.rel1.linux64_1.0.200.202406132123/tools/bin/../lib/gcc/arm-none-eabi/12.3.1/../../../../arm-none-eabi/lib/thumb/v7e-m+dp/hard/libc_nano.a(libc_a-mallocr.o)
 .ARM.attributes
                0x00000717       0x32 /opt/st/stm32cubeide_1.16.0/plugins/com.st.stm32cube.ide.mcu.externaltools.gnu-tools-for-stm32.12.3.rel1.linux64_1.0.200.202406132123/tools/bin/../lib/gcc/arm-none-eabi/12.3.1/../../../../arm-none-eabi/lib/thumb/v7e-m+dp/hard/libc_nano.a(libc_a-mlock.o)
 .ARM.attributes
                0x00000749       0x32 /opt/st/stm32cubeide_1.16.0/plugins/com.st.stm32cube.ide.mcu.externaltools.gnu-tools-for-stm32.12.3.rel1.linux64_1.0.200.202406132123/tools/bin/../lib/gcc/arm-none-eabi/12.3.1/../../../../arm-none-eabi/lib/thumb/v7e-m+dp/hard/libc_nano.a(libc_a-findfp.o)
 .ARM.attributes
                0x0000077b       0x32 /opt/st/stm32cubeide_1.16.0/plugins/com.st.stm32cube.ide.mcu.externaltools.gnu-tools-for-stm32.12.3.rel1.linux64_1.0.200.202406132123/tools/bin/../lib/gcc/arm-none-eabi/12.3.1/../../../../arm-none-eabi/lib/thumb/v7e-m+dp/hard/libc_nano.a(libc_a-sprintf.o)
 .ARM.attributes
                0x000007ad       0x32 /opt/st/stm32cubeide_1.16.0/plugins/com.st.stm32cube.ide.mcu.externaltools.gnu-tools-for-stm32.12.3.rel1.linux64_1.0.200.202406132123/tools/bin/../lib/gcc/arm-none-eabi/12.3.1/../../../../arm-none-eabi/lib/thumb/v7e-m+dp/hard/libc_nano.a(libc_a-memset.o)
 .ARM.attributes
                0x000007df       0x32 /opt/st/stm32cubeide_1.16.0/plugins/com.st.stm32cube.ide.mcu.externaltools.gnu-tools-for-stm32.12.3.rel1.linux64_1.0.200.202406132123/tools/bin/../lib/gcc/arm-none-eabi/12.3.1/../../../../arm-none-eabi/lib/thumb/v7e-m+dp/hard/libc_nano.a(libc_a-reent.o)
 .ARM.attributes
                0x00000811       0x32 /opt/st/stm32cubeide_1.16.0/plugins/com.st.stm32cube.ide.mcu.externaltools.gnu-tools-for-stm32.12.3.rel1.linux64_1.0.200.202406132123/tools/bin/../lib/gcc/arm-none-eabi/12.3.1/../../../../arm-none-eabi/lib/thumb/v7e-m+dp/hard/libc_nano.a(libc_a-impure.o)
 .ARM.attributes
                0x00000843       0x32 /opt/st/stm32cubeide_1.16.0/plugins/com.st.stm32cube.ide.mcu.externaltools.gnu-tools-for-stm32.12.3.rel1.linux64_1.0.200.202406132123/tools/bin/../lib/gcc/arm-none-eabi/12.3.1/../../../../arm-none-eabi/lib/thumb/v7e-m+dp/hard/libc_nano.a(libc_a-sbrkr.o)
 .ARM.attributes
                0x00000875       0x32 /opt/st/stm32cubeide_1.16.0/plugins/com.st.stm32cube.ide.mcu.externaltools.gnu-tools-for-stm32.12.3.rel1.linux64_1.0.200.202406132123/tools/bin/../lib/gcc/arm-none-eabi/12.3.1/../../../../arm-none-eabi/lib/thumb/v7e-m+dp/hard/libc_nano.a(libc_a-errno.o)
 .ARM.attributes
                0x000008a7       0x32 /opt/st/stm32cubeide_1.16.0/plugins/com.st.stm32cube.ide.mcu.externaltools.gnu-tools-for-stm32.12.3.rel1.linux64_1.0.200.202406132123/tools/bin/../lib/gcc/arm-none-eabi/12.3.1/../../../../arm-none-eabi/lib/thumb/v7e-m+dp/hard/libc_nano.a(libc_a-init.o)
 .ARM.attributes
                0x000008d9       0x32 /opt/st/stm32cubeide_1.16.0/plugins/com.st.stm32cube.ide.mcu.externaltools.gnu-tools-for-stm32.12.3.rel1.linux64_1.0.200.202406132123/tools/bin/../lib/gcc/arm-none-eabi/12.3.1/../../../../arm-none-eabi/lib/thumb/v7e-m+dp/hard/libc_nano.a(libc_a-lock.o)
 .ARM.attributes
                0x0000090b       0x32 /opt/st/stm32cubeide_1.16.0/plugins/com.st.stm32cube.ide.mcu.externaltools.gnu-tools-for-stm32.12.3.rel1.linux64_1.0.200.202406132123/tools/bin/../lib/gcc/arm-none-eabi/12.3.1/../../../../arm-none-eabi/lib/thumb/v7e-m+dp/hard/libc_nano.a(libc_a-memcpy-stub.o)
 .ARM.attributes
                0x0000093d       0x17 /opt/st/stm32cubeide_1.16.0/plugins/com.st.stm32cube.ide.mcu.externaltools.gnu-tools-for-stm32.12.3.rel1.linux64_1.0.200.202406132123/tools/bin/../lib/gcc/arm-none-eabi/12.3.1/../../../../arm-none-eabi/lib/thumb/v7e-m+dp/hard/libc_nano.a(libc_a-strlen.o)
 .ARM.attributes
                0x00000954       0x32 /opt/st/stm32cubeide_1.16.0/plugins/com.st.stm32cube.ide.mcu.externaltools.gnu-tools-for-stm32.12.3.rel1.linux64_1.0.200.202406132123/tools/bin/../lib/gcc/arm-none-eabi/12.3.1/../../../../arm-none-eabi/lib/thumb/v7e-m+dp/hard/libc_nano.a(libc_a-freer.o)
 .ARM.attributes
                0x00000986       0x32 /opt/st/stm32cubeide_1.16.0/plugins/com.st.stm32cube.ide.mcu.externaltools.gnu-tools-for-stm32.12.3.rel1.linux64_1.0.200.202406132123/tools/bin/../lib/gcc/arm-none-eabi/12.3.1/../../../../arm-none-eabi/lib/thumb/v7e-m+dp/hard/libc_nano.a(libc_a-nano-svfprintf.o)
 .ARM.attributes
                0x000009b8       0x32 /opt/st/stm32cubeide_1.16.0/plugins/com.st.stm32cube.ide.mcu.externaltools.gnu-tools-for-stm32.12.3.rel1.linux64_1.0.200.202406132123/tools/bin/../lib/gcc/arm-none-eabi/12.3.1/../../../../arm-none-eabi/lib/thumb/v7e-m+dp/hard/libc_nano.a(libc_a-nano-vfprintf_i.o)
 .ARM.attributes
                0x000009ea       0x32 /opt/st/stm32cubeide_1.16.0/plugins/com.st.stm32cube.ide.mcu.externaltools.gnu-tools-for-stm32.12.3.rel1.linux64_1.0.200.202406132123/tools/bin/../lib/gcc/arm-none-eabi/12.3.1/../../../../arm-none-eabi/lib/thumb/v7e-m+dp/hard/libc_nano.a(libc_a-memmove.o)
 .ARM.attributes
                0x00000a1c       0x1c /opt/st/stm32cubeide_1.16.0/plugins/com.st.stm32cube.ide.mcu.externaltools.gnu-tools-for-stm32.12.3.rel1.linux64_1.0.200.202406132123/tools/bin/../lib/gcc/arm-none-eabi/12.3.1/../../../../arm-none-eabi/lib/thumb/v7e-m+dp/hard/libc_nano.a(libc_a-memchr.o)
 .ARM.attributes
                0x00000a38       0x32 /opt/st/stm32cubeide_1.16.0/plugins/com.st.stm32cube.ide.mcu.externaltools.gnu-tools-for-stm32.12.3.rel1.linux64_1.0.200.202406132123/tools/bin/../lib/gcc/arm-none-eabi/12.3.1/../../../../arm-none-eabi/lib/thumb/v7e-m+dp/hard/libc_nano.a(libc_a-reallocr.o)
 .ARM.attributes
                0x00000a6a       0x32 /opt/st/stm32cubeide_1.16.0/plugins/com.st.stm32cube.ide.mcu.externaltools.gnu-tools-for-stm32.12.3.rel1.linux64_1.0.200.202406132123/tools/bin/../lib/gcc/arm-none-eabi/12.3.1/../../../../arm-none-eabi/lib/thumb/v7e-m+dp/hard/libc_nano.a(libc_a-msizer.o)
 .ARM.attributes
                0x00000a9c       0x20 /opt/st/stm32cubeide_1.16.0/plugins/com.st.stm32cube.ide.mcu.externaltools.gnu-tools-for-stm32.12.3.rel1.linux64_1.0.200.202406132123/tools/bin/../lib/gcc/arm-none-eabi/12.3.1/thumb/v7e-m+dp/hard/libgcc.a(_aeabi_uldivmod.o)
 .ARM.attributes
                0x00000abc       0x32 /opt/st/stm32cubeide_1.16.0/plugins/com.st.stm32cube.ide.mcu.externaltools.gnu-tools-for-stm32.12.3.rel1.linux64_1.0.200.202406132123/tools/bin/../lib/gcc/arm-none-eabi/12.3.1/thumb/v7e-m+dp/hard/libgcc.a(_udivmoddi4.o)
 .ARM.attributes
                0x00000aee       0x20 /opt/st/stm32cubeide_1.16.0/plugins/com.st.stm32cube.ide.mcu.externaltools.gnu-tools-for-stm32.12.3.rel1.linux64_1.0.200.202406132123/tools/bin/../lib/gcc/arm-none-eabi/12.3.1/thumb/v7e-m+dp/hard/libgcc.a(_dvmd_tls.o)
 .ARM.attributes
                0x00000b0e       0x20 /opt/st/stm32cubeide_1.16.0/plugins/com.st.stm32cube.ide.mcu.externaltools.gnu-tools-for-stm32.12.3.rel1.linux64_1.0.200.202406132123/tools/bin/../lib/gcc/arm-none-eabi/12.3.1/thumb/v7e-m+dp/hard/crtn.o
OUTPUT(FatFs_USBDisk.elf elf32-littlearm)
LOAD linker stubs
LOAD /opt/st/stm32cubeide_1.16.0/plugins/com.st.stm32cube.ide.mcu.externaltools.gnu-tools-for-stm32.12.3.rel1.linux64_1.0.200.202406132123/tools/bin/../lib/gcc/arm-none-eabi/12.3.1/../../../../arm-none-eabi/lib/thumb/v7e-m+dp/hard/libc.a
LOAD /opt/st/stm32cubeide_1.16.0/plugins/com.st.stm32cube.ide.mcu.externaltools.gnu-tools-for-stm32.12.3.rel1.linux64_1.0.200.202406132123/tools/bin/../lib/gcc/arm-none-eabi/12.3.1/../../../../arm-none-eabi/lib/thumb/v7e-m+dp/hard/libm.a
LOAD /opt/st/stm32cubeide_1.16.0/plugins/com.st.stm32cube.ide.mcu.externaltools.gnu-tools-for-stm32.12.3.rel1.linux64_1.0.200.202406132123/tools/bin/../lib/gcc/arm-none-eabi/12.3.1/thumb/v7e-m+dp/hard/libgcc.a

.debug_line     0x00000000    0x22be5
 .debug_line    0x00000000       0x77 ./Application/SW4STM32/startup_stm32f767xx.o
 .debug_line    0x00000077      0x92d ./Application/SW4STM32/syscalls.o
 .debug_line    0x000009a4      0xd5c ./Application/User/Logging.o
 .debug_line    0x00001700      0xcf9 ./Application/User/TaskConsole.o
 .debug_line    0x000023f9      0xf67 ./Application/User/main.o
 .debug_line    0x00003360      0xb07 ./Application/User/stm32f7xx_hal_msp.o
 .debug_line    0x00003e67      0xb40 ./Application/User/stm32f7xx_it.o
 .debug_line    0x000049a7      0xca0 ./Application/User/usbh_conf.o
 .debug_line    0x00005647      0x937 ./Drivers/BSP/STM32F769ZI_Nucleo/stm32f7xx_nucleo_144.o
 .debug_line    0x00005f7e      0x7c4 ./Drivers/CMSIS/system_stm32f7xx.o
 .debug_line    0x00006742      0xae8 ./Drivers/STM32F7xx_HAL_Driver/stm32f7xx_hal.o
 .debug_line    0x0000722a      0xd2a ./Drivers/STM32F7xx_HAL_Driver/stm32f7xx_hal_cortex.o
 .debug_line    0x00007f54     0x128c ./Drivers/STM32F7xx_HAL_Driver/stm32f7xx_hal_dma.o
 .debug_line    0x000091e0      0xc98 ./Drivers/STM32F7xx_HAL_Driver/stm32f7xx_hal_gpio.o
 .debug_line    0x00009e78     0x177e ./Drivers/STM32F7xx_HAL_Driver/stm32f7xx_hal_hcd.o
 .debug_line    0x0000b5f6      0xaf3 ./Drivers/STM32F7xx_HAL_Driver/stm32f7xx_hal_pwr_ex.o
 .debug_line    0x0000c0e9     0x11fd ./Drivers/STM32F7xx_HAL_Driver/stm32f7xx_hal_rcc.o
 .debug_line    0x0000d2e6      0xfeb ./Drivers/STM32F7xx_HAL_Driver/stm32f7xx_hal_rcc_ex.o
 .debug_line    0x0000e2d1     0x5026 ./Drivers/STM32F7xx_HAL_Driver/stm32f7xx_hal_uart.o
 .debug_line    0x000132f7     0x24b3 ./Drivers/STM32F7xx_HAL_Driver/stm32f7xx_ll_usb.o
 .debug_line    0x000157aa      0x630 ./Middlewares/FatFs/Core/diskio.o
 .debug_line    0x00015dda     0x4985 ./Middlewares/FatFs/Core/ff.o
 .debug_line    0x0001a75f      0x663 ./Middlewares/FatFs/Core/ff_gen_drv.o
 .debug_line    0x0001adc2      0xb3d ./Middlewares/FatFs/Drivers/usbh_diskio.o
 .debug_line    0x0001b8ff      0x575 ./Middlewares/FatFs/Option/syscall.o
 .debug_line    0x0001be74      0x6bb ./Middlewares/FatFs/Option/unicode.o
 .debug_line    0x0001c52f     0x11a8 ./Middlewares/STM32_USBH_Library/Class/MSC/usbh_msc.o
 .debug_line    0x0001d6d7      0xcf3 ./Middlewares/STM32_USBH_Library/Class/MSC/usbh_msc_bot.o
 .debug_line    0x0001e3ca      0xe00 ./Middlewares/STM32_USBH_Library/Class/MSC/usbh_msc_scsi.o
 .debug_line    0x0001f1ca     0x1307 ./Middlewares/STM32_USBH_Library/Core/usbh_core.o
 .debug_line    0x000204d1     0x1245 ./Middlewares/STM32_USBH_Library/Core/usbh_ctlreq.o
 .debug_line    0x00021716      0xadc ./Middlewares/STM32_USBH_Library/Core/usbh_ioreq.o
 .debug_line    0x000221f2      0x9f3 ./Middlewares/STM32_USBH_Library/Core/usbh_pipes.o

.debug_line_str
                0x00000000       0xb1
 .debug_line_str
                0x00000000       0xb1 ./Application/SW4STM32/startup_stm32f767xx.o

.debug_info     0x00000000    0x24fe4
 .debug_info    0x00000000       0x30 ./Application/SW4STM32/startup_stm32f767xx.o
 .debug_info    0x00000030      0x83b ./Application/SW4STM32/syscalls.o
 .debug_info    0x0000086b      0x4cb ./Application/User/Logging.o
 .debug_info    0x00000d36      0xb67 ./Application/User/TaskConsole.o
 .debug_info    0x0000189d     0x2b59 ./Application/User/main.o
 .debug_info    0x000043f6      0xe08 ./Application/User/stm32f7xx_hal_msp.o
 .debug_info    0x000051fe      0x710 ./Application/User/stm32f7xx_it.o
 .debug_info    0x0000590e     0x1f54 ./Application/User/usbh_conf.o
 .debug_info    0x00007862      0xb5e ./Drivers/BSP/STM32F769ZI_Nucleo/stm32f7xx_nucleo_144.o
 .debug_info    0x000083c0      0x706 ./Drivers/CMSIS/system_stm32f7xx.o
 .debug_info    0x00008ac6      0xb9b ./Drivers/STM32F7xx_HAL_Driver/stm32f7xx_hal.o
 .debug_info    0x00009661     0x1247 ./Drivers/STM32F7xx_HAL_Driver/stm32f7xx_hal_cortex.o
 .debug_info    0x0000a8a8      0xae5 ./Drivers/STM32F7xx_HAL_Driver/stm32f7xx_hal_dma.o
 .debug_info    0x0000b38d      0x734 ./Drivers/STM32F7xx_HAL_Driver/stm32f7xx_hal_gpio.o
 .debug_info    0x0000bac1     0x1852 ./Drivers/STM32F7xx_HAL_Driver/stm32f7xx_hal_hcd.o
 .debug_info    0x0000d313      0x9aa ./Drivers/STM32F7xx_HAL_Driver/stm32f7xx_hal_pwr_ex.o
 .debug_info    0x0000dcbd      0xbe8 ./Drivers/STM32F7xx_HAL_Driver/stm32f7xx_hal_rcc.o
 .debug_info    0x0000e8a5      0x812 ./Drivers/STM32F7xx_HAL_Driver/stm32f7xx_hal_rcc_ex.o
 .debug_info    0x0000f0b7     0x4f9f ./Drivers/STM32F7xx_HAL_Driver/stm32f7xx_hal_uart.o
 .debug_info    0x00014056     0x1f54 ./Drivers/STM32F7xx_HAL_Driver/stm32f7xx_ll_usb.o
 .debug_info    0x00015faa      0x45b ./Middlewares/FatFs/Core/diskio.o
 .debug_info    0x00016405     0x5034 ./Middlewares/FatFs/Core/ff.o
 .debug_info    0x0001b439      0x49e ./Middlewares/FatFs/Core/ff_gen_drv.o
 .debug_info    0x0001b8d7     0x106f ./Middlewares/FatFs/Drivers/usbh_diskio.o
 .debug_info    0x0001c946      0x137 ./Middlewares/FatFs/Option/syscall.o
 .debug_info    0x0001ca7d      0x1e1 ./Middlewares/FatFs/Option/unicode.o
 .debug_info    0x0001cc5e     0x1881 ./Middlewares/STM32_USBH_Library/Class/MSC/usbh_msc.o
 .debug_info    0x0001e4df     0x13bb ./Middlewares/STM32_USBH_Library/Class/MSC/usbh_msc_bot.o
 .debug_info    0x0001f89a     0x12f9 ./Middlewares/STM32_USBH_Library/Class/MSC/usbh_msc_scsi.o
 .debug_info    0x00020b93     0x15cb ./Middlewares/STM32_USBH_Library/Core/usbh_core.o
 .debug_info    0x0002215e     0x14c3 ./Middlewares/STM32_USBH_Library/Core/usbh_ctlreq.o
 .debug_info    0x00023621      0xeb6 ./Middlewares/STM32_USBH_Library/Core/usbh_ioreq.o
 .debug_info    0x000244d7      0xb0d ./Middlewares/STM32_USBH_Library/Core/usbh_pipes.o

.debug_abbrev   0x00000000     0x591b
 .debug_abbrev  0x00000000       0x24 ./Application/SW4STM32/startup_stm32f767xx.o
 .debug_abbrev  0x00000024      0x22d ./Application/SW4STM32/syscalls.o
 .debug_abbrev  0x00000251      0x207 ./Application/User/Logging.o
 .debug_abbrev  0x00000458      0x28c ./Application/User/TaskConsole.o
 .debug_abbrev  0x000006e4      0x4c6 ./Application/User/main.o
 .debug_abbrev  0x00000baa      0x22c ./Application/User/stm32f7xx_hal_msp.o
 .debug_abbrev  0x00000dd6      0x1e7 ./Application/User/stm32f7xx_it.o
 .debug_abbrev  0x00000fbd      0x3f1 ./Application/User/usbh_conf.o
 .debug_abbrev  0x000013ae      0x2ab ./Drivers/BSP/STM32F769ZI_Nucleo/stm32f7xx_nucleo_144.o
 .debug_abbrev  0x00001659      0x141 ./Drivers/CMSIS/system_stm32f7xx.o
 .debug_abbrev  0x0000179a      0x284 ./Drivers/STM32F7xx_HAL_Driver/stm32f7xx_hal.o
 .debug_abbrev  0x00001a1e      0x386 ./Drivers/STM32F7xx_HAL_Driver/stm32f7xx_hal_cortex.o
 .debug_abbrev  0x00001da4      0x341 ./Drivers/STM32F7xx_HAL_Driver/stm32f7xx_hal_dma.o
 .debug_abbrev  0x000020e5      0x202 ./Drivers/STM32F7xx_HAL_Driver/stm32f7xx_hal_gpio.o
 .debug_abbrev  0x000022e7      0x354 ./Drivers/STM32F7xx_HAL_Driver/stm32f7xx_hal_hcd.o
 .debug_abbrev  0x0000263b      0x1ef ./Drivers/STM32F7xx_HAL_Driver/stm32f7xx_hal_pwr_ex.o
 .debug_abbrev  0x0000282a      0x35d ./Drivers/STM32F7xx_HAL_Driver/stm32f7xx_hal_rcc.o
 .debug_abbrev  0x00002b87      0x1e3 ./Drivers/STM32F7xx_HAL_Driver/stm32f7xx_hal_rcc_ex.o
 .debug_abbrev  0x00002d6a      0x3e7 ./Drivers/STM32F7xx_HAL_Driver/stm32f7xx_hal_uart.o
 .debug_abbrev  0x00003151      0x398 ./Drivers/STM32F7xx_HAL_Driver/stm32f7xx_ll_usb.o
 .debug_abbrev  0x000034e9      0x1be ./Middlewares/FatFs/Core/diskio.o
 .debug_abbrev  0x000036a7      0x411 ./Middlewares/FatFs/Core/ff.o
 .debug_abbrev  0x00003ab8      0x238 ./Middlewares/FatFs/Core/ff_gen_drv.o
 .debug_abbrev  0x00003cf0      0x366 ./Middlewares/FatFs/Drivers/usbh_diskio.o
 .debug_abbrev  0x00004056       0xd5 ./Middlewares/FatFs/Option/syscall.o
 .debug_abbrev  0x0000412b       0xe4 ./Middlewares/FatFs/Option/unicode.o
 .debug_abbrev  0x0000420f      0x393 ./Middlewares/STM32_USBH_Library/Class/MSC/usbh_msc.o
 .debug_abbrev  0x000045a2      0x348 ./Middlewares/STM32_USBH_Library/Class/MSC/usbh_msc_bot.o
 .debug_abbrev  0x000048ea      0x322 ./Middlewares/STM32_USBH_Library/Class/MSC/usbh_msc_scsi.o
 .debug_abbrev  0x00004c0c      0x416 ./Middlewares/STM32_USBH_Library/Core/usbh_core.o
 .debug_abbrev  0x00005022      0x3d4 ./Middlewares/STM32_USBH_Library/Core/usbh_ctlreq.o
 .debug_abbrev  0x000053f6      0x25d ./Middlewares/STM32_USBH_Library/Core/usbh_ioreq.o
 .debug_abbrev  0x00005653      0x2c8 ./Middlewares/STM32_USBH_Library/Core/usbh_pipes.o

.debug_aranges  0x00000000     0x11c8
 .debug_aranges
                0x00000000       0x28 ./Application/SW4STM32/startup_stm32f767xx.o
 .debug_aranges
                0x00000028       0xb0 ./Application/SW4STM32/syscalls.o
 .debug_aranges
                0x000000d8       0x70 ./Application/User/Logging.o
 .debug_aranges
                0x00000148       0x58 ./Application/User/TaskConsole.o
 .debug_aranges
                0x000001a0       0x30 ./Application/User/main.o
 .debug_aranges
                0x000001d0       0x28 ./Application/User/stm32f7xx_hal_msp.o
 .debug_aranges
                0x000001f8       0x68 ./Application/User/stm32f7xx_it.o
 .debug_aranges
                0x00000260       0xd0 ./Application/User/usbh_conf.o
 .debug_aranges
                0x00000330       0x60 ./Drivers/BSP/STM32F769ZI_Nucleo/stm32f7xx_nucleo_144.o
 .debug_aranges
                0x00000390       0x28 ./Drivers/CMSIS/system_stm32f7xx.o
 .debug_aranges
                0x000003b8      0x110 ./Drivers/STM32F7xx_HAL_Driver/stm32f7xx_hal.o
 .debug_aranges
                0x000004c8       0xb8 ./Drivers/STM32F7xx_HAL_Driver/stm32f7xx_hal_cortex.o
 .debug_aranges
                0x00000580       0x80 ./Drivers/STM32F7xx_HAL_Driver/stm32f7xx_hal_dma.o
 .debug_aranges
                0x00000600       0x58 ./Drivers/STM32F7xx_HAL_Driver/stm32f7xx_hal_gpio.o
 .debug_aranges
                0x00000658       0xe8 ./Drivers/STM32F7xx_HAL_Driver/stm32f7xx_hal_hcd.o
 .debug_aranges
                0x00000740       0x80 ./Drivers/STM32F7xx_HAL_Driver/stm32f7xx_hal_pwr_ex.o
 .debug_aranges
                0x000007c0       0x88 ./Drivers/STM32F7xx_HAL_Driver/stm32f7xx_hal_rcc.o
 .debug_aranges
                0x00000848       0x50 ./Drivers/STM32F7xx_HAL_Driver/stm32f7xx_hal_rcc_ex.o
 .debug_aranges
                0x00000898      0x228 ./Drivers/STM32F7xx_HAL_Driver/stm32f7xx_hal_uart.o
 .debug_aranges
                0x00000ac0      0x1a0 ./Drivers/STM32F7xx_HAL_Driver/stm32f7xx_ll_usb.o