../Application/User/Logging.c:26:6:LogWait4Ready	0	static
../Application/User/Logging.c:31:6:Log	0	static
../Application/User/Logging.c:38:6:LogNoPrefix	0	static
../Application/User/Logging.c:45:7:LogClientID2String	0	static
../Application/User/Logging.c:61:8:LogMakePrefix	40	static
../Application/User/Logging.c:77:6:LogIntToStr	8	static
../Application/User/Logging.c:88:6:LogUInt8ToStr	8	static
../Application/User/Logging.c:99:6:LogUInt16ToStr	8	static
../Application/User/Logging.c:110:6:LogUInt32ToStr	8	static
../Application/User/Logging.c:121:6:LogSetSingleMode	0	static
../Application/User/Logging.c:126:6:LogIsSingleMode	0	static
