../Application/User/TaskConsole.c:115:13:AddLogCore	24	static
../Application/User/TaskConsole.c:35:6:TaskConsole_PrepareRTOS	0	static
../Application/User/TaskConsole.c:42:6:TaskConsole_USART3_DMA_IRQ	0	static
../Application/User/TaskConsole.c:60:6:HAL_UART_RxCpltCallback	0	static
../Application/User/TaskConsole.c:70:6:TaskConsole_Run	16	static
../Application/User/TaskConsole.c:133:6:TaskConsole_AddLog	24	static
../Application/User/TaskConsole.c:150:6:TaskConsole_AddLogNoPrefix	8	static
../Application/User/TaskConsole.c:162:6:TaskConsole_WaitReady	0	static
