/home/frank/STM32CubeIDE/workspace_1.16.0/FatFs_USBDisk/Src/usbh_conf.c:36:6:HAL_HCD_MspInit	64	static
/home/frank/STM32CubeIDE/workspace_1.16.0/FatFs_USBDisk/Src/usbh_conf.c:80:6:HAL_HCD_MspDeInit	0	static
/home/frank/STM32CubeIDE/workspace_1.16.0/FatFs_USBDisk/Src/usbh_conf.c:95:6:HAL_HCD_SOF_Callback	0	static
/home/frank/STM32CubeIDE/workspace_1.16.0/FatFs_USBDisk/Src/usbh_conf.c:105:6:HAL_HCD_Connect_Callback	0	static
/home/frank/STM32CubeIDE/workspace_1.16.0/FatFs_USBDisk/Src/usbh_conf.c:115:6:HAL_HCD_Disconnect_Callback	0	static
/home/frank/STM32CubeIDE/workspace_1.16.0/FatFs_USBDisk/Src/usbh_conf.c:125:6:HAL_HCD_PortEnabled_Callback	0	static
/home/frank/STM32CubeIDE/workspace_1.16.0/FatFs_USBDisk/Src/usbh_conf.c:136:6:HAL_HCD_PortDisabled_Callback	0	static
/home/frank/STM32CubeIDE/workspace_1.16.0/FatFs_USBDisk/Src/usbh_conf.c:149:6:HAL_HCD_HC_NotifyURBChange_Callback	0	static
/home/frank/STM32CubeIDE/workspace_1.16.0/FatFs_USBDisk/Src/usbh_conf.c:163:20:USBH_LL_Init	16	static
/home/frank/STM32CubeIDE/workspace_1.16.0/FatFs_USBDisk/Src/usbh_conf.c:193:20:USBH_LL_DeInit	8	static
/home/frank/STM32CubeIDE/workspace_1.16.0/FatFs_USBDisk/Src/usbh_conf.c:204:20:USBH_LL_Start	8	static
/home/frank/STM32CubeIDE/workspace_1.16.0/FatFs_USBDisk/Src/usbh_conf.c:215:20:USBH_LL_Stop	8	static
/home/frank/STM32CubeIDE/workspace_1.16.0/FatFs_USBDisk/Src/usbh_conf.c:226:19:USBH_LL_GetSpeed	8	static
/home/frank/STM32CubeIDE/workspace_1.16.0/FatFs_USBDisk/Src/usbh_conf.c:256:20:USBH_LL_ResetPort	8	static
/home/frank/STM32CubeIDE/workspace_1.16.0/FatFs_USBDisk/Src/usbh_conf.c:268:10:USBH_LL_GetLastXferSize	0	static
/home/frank/STM32CubeIDE/workspace_1.16.0/FatFs_USBDisk/Src/usbh_conf.c:284:20:USBH_LL_OpenPipe	24	static
/home/frank/STM32CubeIDE/workspace_1.16.0/FatFs_USBDisk/Src/usbh_conf.c:308:20:USBH_LL_ClosePipe	8	static
/home/frank/STM32CubeIDE/workspace_1.16.0/FatFs_USBDisk/Src/usbh_conf.c:341:20:USBH_LL_SubmitURB	24	static
/home/frank/STM32CubeIDE/workspace_1.16.0/FatFs_USBDisk/Src/usbh_conf.c:375:22:USBH_LL_GetURBState	0	static
/home/frank/STM32CubeIDE/workspace_1.16.0/FatFs_USBDisk/Src/usbh_conf.c:389:20:USBH_LL_DriverVBUS	8	static
/home/frank/STM32CubeIDE/workspace_1.16.0/FatFs_USBDisk/Src/usbh_conf.c:410:20:USBH_LL_SetToggle	0	static
/home/frank/STM32CubeIDE/workspace_1.16.0/FatFs_USBDisk/Src/usbh_conf.c:429:9:USBH_LL_GetToggle	0	static
/home/frank/STM32CubeIDE/workspace_1.16.0/FatFs_USBDisk/Src/usbh_conf.c:449:6:USBH_Delay	0	static
